Component: ARM Compiler 5.05 update 1 (build 106) Tool: armlink [4d0efa]

==============================================================================

Section Cross References

    main.o(.text) refers to port.o(.text) for vPortEnterCritical
    main.o(.text) refers to tasks.o(.text) for xTaskCreate
    main.o(.text) refers to include.o(.text) for System_Init
    main.o(.text) refers to main.o(.data) for test1_Handler
    stm32f4xx_it.o(.text) refers to usart.o(.text) for USART1_IRQ
    stm32f4xx_it.o(.text) refers to timer.o(.text) for TIM2_IRQ
    system_stm32f4xx.o(.text) refers to system_stm32f4xx.o(.data) for SystemCoreClock
    include.o(.text) refers to delay.o(.text) for SysTick_ConfigInit
    include.o(.text) refers to misc.o(.text) for NVIC_PriorityGroupConfig
    include.o(.text) refers to ioport.o(.text) for LED_Init
    include.o(.text) refers to usart.o(.text) for USART1_Init
    include.o(.text) refers to adc.o(.text) for AD_Init
    include.o(.text) refers to pid.o(.text) for Coefficient_Init
    include.o(.text) refers to pwm.o(.text) for TIM3_PWM_Init
    include.o(.text) refers to tasks.o(.text) for vTaskDelay
    include.o(.text) refers to noretval__2printf.o(.text) for __2printf
    ano7.o(.text) refers to stm32f4xx_usart.o(.text) for USART_SendData
    ano7.o(.text) refers to ano7.o(.bss) for BUFF
    encoder.o(.text) refers to stm32f4xx_rcc.o(.text) for RCC_APB1PeriphClockCmd
    encoder.o(.text) refers to stm32f4xx_gpio.o(.text) for GPIO_PinAFConfig
    encoder.o(.text) refers to stm32f4xx_tim.o(.text) for TIM_TimeBaseStructInit
    encoder.o(.text) refers to f2d.o(x$fpl$f2d) for __aeabi_f2d
    encoder.o(.text) refers to ddiv.o(x$fpl$ddiv) for __aeabi_ddiv
    encoder.o(.text) refers to dmul.o(x$fpl$dmul) for __aeabi_dmul
    encoder.o(.text) refers to d2f.o(x$fpl$d2f) for __aeabi_d2f
    pid.o(.text) refers to pid.o(.bss) for pid
    ultr.o(.text) refers to stm32f4xx_rcc.o(.text) for RCC_AHB1PeriphClockCmd
    ultr.o(.text) refers to stm32f4xx_gpio.o(.text) for GPIO_Init
    ultr.o(.text) refers to stm32f4xx_tim.o(.text) for TIM_TimeBaseInit
    ultr.o(.text) refers to delay.o(.text) for delay_us
    ultr.o(.text) refers to dflt_clz.o(x$fpl$dfltu) for __aeabi_ui2d
    ultr.o(.text) refers to dmul.o(x$fpl$dmul) for __aeabi_dmul
    ultr.o(.text) refers to ddiv.o(x$fpl$ddiv) for __aeabi_ddiv
    ultr.o(.text) refers to d2f.o(x$fpl$d2f) for __aeabi_d2f
    i2c.o(.text) refers to stm32f4xx_rcc.o(.text) for RCC_AHB1PeriphClockCmd
    i2c.o(.text) refers to stm32f4xx_gpio.o(.text) for GPIO_Init
    i2c.o(.text) refers to delay.o(.text) for delay_us
    adc.o(.text) refers to stm32f4xx_rcc.o(.text) for RCC_APB2PeriphClockCmd
    adc.o(.text) refers to stm32f4xx_gpio.o(.text) for GPIO_Init
    adc.o(.text) refers to stm32f4xx_adc.o(.text) for ADC_CommonInit
    ioport.o(.text) refers to stm32f4xx_rcc.o(.text) for RCC_AHB1PeriphClockCmd
    ioport.o(.text) refers to stm32f4xx_gpio.o(.text) for GPIO_Init
    key.o(.text) refers to key.o(.data) for key_state
    lcd.o(.text) refers to stm32f4xx_rcc.o(.text) for RCC_AHB1PeriphClockCmd
    lcd.o(.text) refers to stm32f4xx_gpio.o(.text) for GPIO_Init
    lcd.o(.text) refers to delay.o(.text) for delay_xms
    lcd.o(.text) refers to lcd.o(.data) for Hzk16
    lcd.o(.text) refers to lcd.o(.constdata) for asc2_1608
    pwm.o(.text) refers to stm32f4xx_tim.o(.text) for TIM_TimeBaseStructInit
    pwm.o(.text) refers to stm32f4xx_rcc.o(.text) for RCC_APB1PeriphClockCmd
    pwm.o(.text) refers to stm32f4xx_gpio.o(.text) for GPIO_Init
    timer.o(.text) refers to stm32f4xx_rcc.o(.text) for RCC_APB1PeriphClockCmd
    timer.o(.text) refers to stm32f4xx_tim.o(.text) for TIM_TimeBaseInit
    timer.o(.text) refers to misc.o(.text) for NVIC_Init
    timer.o(.text) refers to encoder.o(.text) for Read_Velocity
    timer.o(.text) refers to rt_memcpy_w.o(.text) for __aeabi_memcpy4
    timer.o(.text) refers to pid.o(.text) for Incremental_PI
    timer.o(.text) refers to ano7.o(.text) for Test_Send_User
    timer.o(.text) refers to pid.o(.bss) for pid
    inv_mpu.o(.text) refers to _printf_pad.o(.text) for _printf_pre_padding
    inv_mpu.o(.text) refers to _printf_percent.o(.ARM.Collect$$_printf_percent$$00000000) for _printf_percent
    inv_mpu.o(.text) refers to _printf_x.o(.ARM.Collect$$_printf_percent$$0000000C) for _printf_x
    inv_mpu.o(.text) refers to _printf_hex_int.o(.text) for _printf_longlong_hex
    inv_mpu.o(.text) refers to _printf_d.o(.ARM.Collect$$_printf_percent$$00000009) for _printf_d
    inv_mpu.o(.text) refers to _printf_dec.o(.text) for _printf_int_dec
    inv_mpu.o(.text) refers to mpu6050.o(.text) for MPU_Write_Len
    inv_mpu.o(.text) refers to noretval__2printf.o(.text) for __2printf
    inv_mpu.o(.text) refers to delay.o(.text) for delay_xms
    inv_mpu.o(.text) refers to inv_mpu.o(.data) for st
    inv_mpu.o(.text) refers to inv_mpu.o(.conststring) for .conststring
    inv_mpu.o(.text) refers to inv_mpu.o(.constdata) for test
[...]
    x$fpl$usenofp                            0x080070c6   Section        0  usenofp.o(x$fpl$usenofp)
    maptable                                 0x080070c6   Data          17  __printf_flags_wp.o(.constdata)
    .data                                    0x20000000   Section       20  main.o(.data)
    .data                                    0x20000014   Section       20  system_stm32f4xx.o(.data)
    .data                                    0x20000028   Section       16  stm32f4xx_rcc.o(.data)
    APBAHBPrescTable                         0x20000028   Data          16  stm32f4xx_rcc.o(.data)
    .data                                    0x20000038   Section        8  delay.o(.data)
    fac_us                                   0x20000038   Data           1  delay.o(.data)
    fac_ms                                   0x2000003a   Data           2  delay.o(.data)
    sysTickCnt                               0x2000003c   Data           4  delay.o(.data)
    .data                                    0x20000040   Section       14  usart.o(.data)
    .data                                    0x20000050   Section       60  tasks.o(.data)
    pxDelayedTaskList                        0x20000054   Data           4  tasks.o(.data)
    pxOverflowDelayedTaskList                0x20000058   Data           4  tasks.o(.data)
    uxDeletedTasksWaitingCleanUp             0x2000005c   Data           4  tasks.o(.data)
    uxCurrentNumberOfTasks                   0x20000060   Data           4  tasks.o(.data)
    xTickCount                               0x20000064   Data           4  tasks.o(.data)
    uxTopReadyPriority                       0x20000068   Data           4  tasks.o(.data)
    xSchedulerRunning                        0x2000006c   Data           4  tasks.o(.data)
    uxPendedTicks                            0x20000070   Data           4  tasks.o(.data)
    xYieldPending                            0x20000074   Data           4  tasks.o(.data)
    xNumOfOverflows                          0x20000078   Data           4  tasks.o(.data)
    uxTaskNumber                             0x2000007c   Data           4  tasks.o(.data)
    xNextTaskUnblockTime                     0x20000080   Data           4  tasks.o(.data)
    xIdleTaskHandle                          0x20000084   Data           4  tasks.o(.data)
    uxSchedulerSuspended                     0x20000088   Data           4  tasks.o(.data)
    .data                                    0x2000008c   Section       20  timers.o(.data)
    pxCurrentTimerList                       0x2000008c   Data           4  timers.o(.data)
    pxOverflowTimerList                      0x20000090   Data           4  timers.o(.data)
    xTimerQueue                              0x20000094   Data           4  timers.o(.data)
    xTimerTaskHandle                         0x20000098   Data           4  timers.o(.data)
    xLastTime                                0x2000009c   Data           4  timers.o(.data)
    .data                                    0x200000a0   Section        4  port.o(.data)
    uxCriticalNesting                        0x200000a0   Data           4  port.o(.data)
    .data                                    0x200000a4   Section       24  heap_4.o(.data)
    xStart                                   0x200000a4   Data           8  heap_4.o(.data)
    pxEnd                                    0x200000ac   Data           4  heap_4.o(.data)
    xFreeBytesRemaining                      0x200000b0   Data           4  heap_4.o(.data)
    xMinimumEverFreeBytesRemaining           0x200000b4   Data           4  heap_4.o(.data)
    xBlockAllocatedBit                       0x200000b8   Data           4  heap_4.o(.data)
    .bss                                     0x200000bc   Section       50  ano7.o(.bss)
    .bss                                     0x200000f0   Section       32  pid.o(.bss)
    .bss                                     0x20000110   Section     1280  usart.o(.bss)
    .bss                                     0x20000610   Section       64  queue.o(.bss)
    .bss                                     0x20000650   Section      740  tasks.o(.bss)
    pxReadyTasksLists                        0x20000650   Data         640  tasks.o(.bss)
    xDelayedTaskList1                        0x200008d0   Data          20  tasks.o(.bss)
    xDelayedTaskList2                        0x200008e4   Data          20  tasks.o(.bss)
    xPendingReadyList                        0x200008f8   Data          20  tasks.o(.bss)
    xTasksWaitingTermination                 0x2000090c   Data          20  tasks.o(.bss)
    xSuspendedTaskList                       0x20000920   Data          20  tasks.o(.bss)
    .bss                                     0x20000934   Section       40  timers.o(.bss)
    xActiveTimerList1                        0x20000934   Data          20  timers.o(.bss)
    xActiveTimerList2                        0x20000948   Data          20  timers.o(.bss)
    .bss                                     0x2000095c   Section    20480  heap_4.o(.bss)
    ucHeap                                   0x2000095c   Data       20480  heap_4.o(.bss)
    .bss                                     0x2000595c   Section       96  libspace.o(.bss)
    HEAP                                     0x200059c0   Section      512  startup_stm32f40_41xxx.o(HEAP)
    Heap_Mem                                 0x200059c0   Data         512  startup_stm32f40_41xxx.o(HEAP)
    STACK                                    0x20005bc0   Section     1024  startup_stm32f40_41xxx.o(STACK)
    Stack_Mem                                0x20005bc0   Data        1024  startup_stm32f40_41xxx.o(STACK)
    __initial_sp                             0x20005fc0   Data           0  startup_stm32f40_41xxx.o(STACK)

    Global Symbols

    Symbol Name                              Value     Ov Type        Size  Object(Section)

    BuildAttributes$$THM_ISAv4$E$P$D$K$B$S$7EM$VFPi3$EXTD16$VFPS$VFMA$PE$A:L22UL41UL21$X:L11$S22US41US21$IEEE1$IW$USESV6$~STKCKD$USESV7$~SHL$OTIME$ROPI$IEEEX$EBA8$UX$STANDARDLIB$REQ8$PRES8$EABIv2 0x00000000   Number         0  anon$$obj.o ABSOLUTE
    __ARM_use_no_argv                        0x00000000   Number         0  main.o ABSOLUTE
    _printf_flags                            0x00000000   Number         0  printf_stubs.o ABSOLUTE
    _printf_return_value                     0x00000000   Number         0  printf_stubs.o ABSOLUTE
    _printf_sizespec                         0x00000000   Number         0  printf_stubs.o ABSOLUTE
    _printf_widthprec                        0x00000000   Number         0  printf_stubs.o ABSOLUTE
    __ARM_exceptions_init                     - Undefined Weak Reference
    __alloca_initialize                       - Undefined Weak Reference
    __arm_preinit_                            - Undefined Weak Reference
    __cpp_initialize__aeabi_                  - Undefined Weak Reference
    __cxa_finalize                            - Undefined Weak Reference
    __rt_locale                               - Undefined Weak Reference
    __sigvec_lookup                           - Undefined Weak Reference
    _atexit_init                              - Undefined Weak Reference
    _call_atexit_fns                          - Undefined Weak Reference
    _clock_init                               - Undefined Weak Reference
    _fp_trap_init                             - Undefined Weak Reference
    _fp_trap_shutdown                         - Undefined Weak Reference
    _get_lc_collate                           - Undefined Weak Reference
    _get_lc_ctype                             - Undefined Weak Reference
    _get_lc_monetary                          - Undefined Weak Reference
    _get_lc_numeric                           - Undefined Weak Reference
    _get_lc_time                              - Undefined Weak Reference
    _getenv_init                              - Undefined Weak Reference
    _handle_redirection                       - Undefined Weak Reference
    _init_alloc                               - Undefined Weak Reference
    _init_user_alloc                          - Undefined Weak Reference
    _initio                                   - Undefined Weak Reference
    _mutex_acquire                            - Undefined Weak Reference
    _mutex_release                            - Undefined Weak Reference
    _printf_mbtowc                            - Undefined Weak Reference
    _printf_truncate_signed                   - Undefined Weak Reference
    _printf_truncate_unsigned                 - Undefined Weak Reference
    _rand_init                                - Undefined Weak Reference
    _signal_finish                            - Undefined Weak Reference
    _signal_init                              - Undefined Weak Reference
    _terminate_alloc                          - Undefined Weak Reference
    _terminate_user_alloc                     - Undefined Weak Reference
    _terminateio                              - Undefined Weak Reference
    __Vectors_Size                           0x00000188   Number         0  startup_stm32f40_41xxx.o ABSOLUTE
    __Vectors                                0x08000000   Data           4  startup_stm32f40_41xxx.o(RESET)
    __Vectors_End                            0x08000188   Data           0  startup_stm32f40_41xxx.o(RESET)
    __main                                   0x08000189   Thumb Code     8  __main.o(!!!main)
    __scatterload                            0x08000191   Thumb Code     0  __scatter.o(!!!scatter)
    __scatterload_rt2                        0x08000191   Thumb Code    44  __scatter.o(!!!scatter)
    __scatterload_rt2_thumb_only             0x08000191   Thumb Code     0  __scatter.o(!!!scatter)
    __scatterload_null                       0x0800019f   Thumb Code     0  __scatter.o(!!!scatter)
    __scatterload_copy                       0x080001c5   Thumb Code    26  __scatter_copy.o(!!handler_copy)
    __scatterload_zeroinit                   0x080001e1   Thumb Code    28  __scatter_zi.o(!!handler_zi)
    _printf_percent                          0x080001fd   Thumb Code     0  _printf_percent.o(.ARM.Collect$$_printf_percent$$00000000)
    _printf_u                                0x080001fd   Thumb Code     0  _printf_u.o(.ARM.Collect$$_printf_percent$$0000000A)
    _printf_c                                0x08000203   Thumb Code     0  _printf_c.o(.ARM.Collect$$_printf_percent$$00000013)
    _printf_percent_end                      0x08000209   Thumb Code     0  _printf_percent_end.o(.ARM.Collect$$_printf_percent$$00000017)
    __rt_lib_init                            0x0800020d   Thumb Code     0  libinit.o(.ARM.Collect$$libinit$$00000000)
    __rt_lib_init_fp_1                       0x0800020f   Thumb Code     0  libinit2.o(.ARM.Collect$$libinit$$00000001)
    __rt_lib_init_alloca_1                   0x08000213   Thumb Code     0  libinit2.o(.ARM.Collect$$libinit$$0000002E)
    __rt_lib_init_argv_1                     0x08000213   Thumb Code     0  libinit2.o(.ARM.Collect$$libinit$$0000002C)
    __rt_lib_init_atexit_1                   0x08000213   Thumb Code     0  libinit2.o(.ARM.Collect$$libinit$$0000001B)
    __rt_lib_init_clock_1                    0x08000213   Thumb Code     0  libinit2.o(.ARM.Collect$$libinit$$00000021)
    __rt_lib_init_cpp_1                      0x08000213   Thumb Code     0  libinit2.o(.ARM.Collect$$libinit$$00000032)
    __rt_lib_init_exceptions_1               0x08000213   Thumb Code     0  libinit2.o(.ARM.Collect$$libinit$$00000030)
    __rt_lib_init_fp_trap_1                  0x08000213   Thumb Code     0  libinit2.o(.ARM.Collect$$libinit$$0000001F)
    __rt_lib_init_getenv_1                   0x08000213   Thumb Code     0  libinit2.o(.ARM.Collect$$libinit$$00000023)
    __rt_lib_init_heap_1                     0x08000213   Thumb Code     0  libinit2.o(.ARM.Collect$$libinit$$0000000A)
    __rt_lib_init_lc_collate_1               0x08000213   Thumb Code     0  libinit2.o(.ARM.Collect$$libinit$$00000011)
    __rt_lib_init_lc_ctype_1                 0x08000213   Thumb Code     0  libinit2.o(.ARM.Collect$$libinit$$00000013)
    __rt_lib_init_lc_monetary_1              0x08000213   Thumb Code     0  libinit2.o(.ARM.Collect$$libinit$$00000015)
    __rt_lib_init_lc_numeric_1               0x08000213   Thumb Code     0  libinit2.o(.ARM.Collect$$libinit$$00000017)
    __rt_lib_init_lc_time_1                  0x08000213   Thumb Code     0  libinit2.o(.ARM.Collect$$libinit$$00000019)
    __rt_lib_init_preinit_1                  0x08000213   Thumb Code     0  libinit2.o(.ARM.Collect$$libinit$$00000004)
    __rt_lib_init_rand_1                     0x08000213   Thumb Code     0  libinit2.o(.ARM.Collect$$libinit$$0000000E)
    __rt_lib_init_return                     0x08000213   Thumb Code     0  libinit2.o(.ARM.Collect$$libinit$$00000033)
    __rt_lib_init_signal_1                   0x08000213   Thumb Code     0  libinit2.o(.ARM.Collect$$libinit$$0000001D)
    __rt_lib_init_stdio_1                    0x08000213   Thumb Code     0  libinit2.o(.ARM.Collect$$libinit$$00000025)
    __rt_lib_init_user_alloc_1               0x08000213   Thumb Code     0  libinit2.o(.ARM.Collect$$libinit$$0000000C)
    __rt_lib_shutdown                        0x08000215   Thumb Code     0  libshutdown.o(.ARM.Collect$$libshutdown$$00000000)
    __rt_lib_shutdown_fp_trap_1              0x08000217   Thumb Code     0  libshutdown2.o(.ARM.Collect$$libshutdown$$00000006)
    __rt_lib_shutdown_heap_1                 0x08000217   Thumb Code     0  libshutdown2.o(.ARM.Collect$$libshutdown$$0000000E)
    __rt_lib_shutdown_return                 0x08000217   Thumb Code     0  libshutdown2.o(.ARM.Collect$$libshutdown$$0000000F)
    __rt_lib_shutdown_signal_1               0x08000217   Thumb Code     0  libshutdown2.o(.ARM.Collect$$libshutdown$$00000009)
    __rt_lib_shutdown_stdio_1                0x08000217   Thumb Code     0  libshutdown2.o(.ARM.Collect$$libshutdown$$00000003)
    __rt_lib_shutdown_user_alloc_1           0x08000217   Thumb Code     0  libshutdown2.o(.ARM.Collect$$libshutdown$$0000000B)
    __rt_entry                               0x08000219   Thumb Code     0  __rtentry.o(.ARM.Collect$$rtentry$$00000000)
    __rt_entry_presh_1                       0x08000219   Thumb Code     0  __rtentry2.o(.ARM.Collect$$rtentry$$00000002)
    __rt_entry_sh                            0x08000219   Thumb Code     0  __rtentry4.o(.ARM.Collect$$rtentry$$00000004)
    __rt_entry_li                            0x0800021f   Thumb Code     0  __rtentry2.o(.ARM.Collect$$rtentry$$0000000A)
    __rt_entry_postsh_1                      0x0800021f   Thumb Code     0  __rtentry2.o(.ARM.Collect$$rtentry$$00000009)
    __rt_entry_main                          0x08000223   Thumb Code     0  __rtentry2.o(.ARM.Collect$$rtentry$$0000000D)
    __rt_entry_postli_1                      0x08000223   Thumb Code     0  __rtentry2.o(.ARM.Collect$$rtentry$$0000000C)
    __rt_exit                                0x0800022b   Thumb Code     0  rtexit.o(.ARM.Collect$$rtexit$$00000000)
    __rt_exit_ls                             0x0800022d   Thumb Code     0  rtexit2.o(.ARM.Collect$$rtexit$$00000003)
    __rt_exit_prels_1                        0x0800022d   Thumb Code     0  rtexit2.o(.ARM.Collect$$rtexit$$00000002)
    __rt_exit_exit                           0x08000231   Thumb Code     0  rtexit2.o(.ARM.Collect$$rtexit$$00000004)
    SVC_Handler                              0x08000239   Thumb Code    28  port.o(.emb_text)
    __asm___6_port_c_39a90d8d__prvStartFirstTask 0x08000259   Thumb Code    28  port.o(.emb_text)
    __asm___6_port_c_39a90d8d__prvEnableVFP  0x08000279   Thumb Code    16  port.o(.emb_text)
    PendSV_Handler                           0x0800028d   Thumb Code    88  port.o(.emb_text)
    vPortGetIPSR                             0x080002e9   Thumb Code     6  port.o(.emb_text)
    start_task                               0x080002f1   Thumb Code   102  main.o(.text)
    main                                     0x08000357   Thumb Code    36  main.o(.text)
    NMI_Handler                              0x080003cd   Thumb Code     2  stm32f4xx_it.o(.text)
    MemManage_Handler                        0x080003cf   Thumb Code     4  stm32f4xx_it.o(.text)
    BusFault_Handler                         0x080003d3   Thumb Code     4  stm32f4xx_it.o(.text)
    UsageFault_Handler                       0x080003d7   Thumb Code     4  stm32f4xx_it.o(.text)
    DebugMon_Handler                         0x080003db   Thumb Code     2  stm32f4xx_it.o(.text)
    USART1_IRQHandler                        0x080003dd   Thumb Code     8  stm32f4xx_it.o(.text)
    USART2_IRQHandler                        0x080003e5   Thumb Code     8  stm32f4xx_it.o(.text)
    USART3_IRQHandler                        0x080003ed   Thumb Code     8  stm32f4xx_it.o(.text)
    UART4_IRQHandler                         0x080003f5   Thumb Code     8  stm32f4xx_it.o(.text)
    UART5_IRQHandler                         0x080003fd   Thumb Code     8  stm32f4xx_it.o(.text)
    TIM2_IRQHandler                          0x08000405   Thumb Code     8  stm32f4xx_it.o(.text)
    TIM3_IRQHandler                          0x0800040d   Thumb Code     8  stm32f4xx_it.o(.text)
    TIM4_IRQHandler                          0x08000415   Thumb Code     8  stm32f4xx_it.o(.text)
    TIM5_IRQHandler                          0x0800041d   Thumb Code     8  stm32f4xx_it.o(.text)
    SystemInit                               0x08000501   Thumb Code    88  system_stm32f4xx.o(.text)
    SystemCoreClockUpdate                    0x08000559   Thumb Code   174  system_stm32f4xx.o(.text)
    System_Init                              0x08000635   Thumb Code    82  include.o(.text)
    test1                                    0x08000687   Thumb Code    34  include.o(.text)
    test2                                    0x080006a9   Thumb Code    28  include.o(.text)
    test3                                    0x080006c5   Thumb Code    34  include.o(.text)
    test4                                    0x080006e7   Thumb Code    24  include.o(.text)
    UART1_Send_Str                           0x0800072d   Thumb Code    42  ano7.o(.text)
    Test_Send_User                           0x08000757   Thumb Code   188  ano7.o(.text)
    encoder_tim_init                         0x0800081d   Thumb Code   180  encoder.o(.text)
    Read_Velocity                            0x080008d1   Thumb Code   108  encoder.o(.text)
    encoder_tim_init1                        0x0800093d   Thumb Code   180  encoder.o(.text)
    Read_Velocity1                           0x080009f1   Thumb Code   108  encoder.o(.text)
    Incremental_PI                           0x08000a85   Thumb Code   172  pid.o(.text)
    Coefficient_Init                         0x08000b31   Thumb Code    60  pid.o(.text)
    AD_Init                                  0x08000b7d   Thumb Code   340  adc.o(.text)
    GetAdcValue                              0x08000cd1   Thumb Code    44  adc.o(.text)
    LED_Init                                 0x08000d0d   Thumb Code    54  ioport.o(.text)
    RGB_LED_Init                             0x08000d43   Thumb Code    70  ioport.o(.text)
    BEEP_Init                                0x08000d89   Thumb Code    44  ioport.o(.text)
    KEY_Init                                 0x08000db5   Thumb Code    42  ioport.o(.text)
    our_Init                                 0x08000ddf   Thumb Code    20  ioport.o(.text)
    TIM2_PWM_Init                            0x08000e15   Thumb Code   222  pwm.o(.text)
    TIM3_PWM_Init                            0x08000ef3   Thumb Code   290  pwm.o(.text)
    TIM4_PWM_Init                            0x08001015   Thumb Code   290  pwm.o(.text)
    TIM5_PWM_Init                            0x08001137   Thumb Code   314  pwm.o(.text)
    PWM2_Set                                 0x08001271   Thumb Code    16  pwm.o(.text)
    PWM3_Set                                 0x08001281   Thumb Code    20  pwm.o(.text)
    PWM4_Set                                 0x08001295   Thumb Code    20  pwm.o(.text)
    PWM5_Set                                 0x080012a9   Thumb Code    20  pwm.o(.text)
    TIM3_Timer_Init                          0x080012c9   Thumb Code    88  timer.o(.text)
    TIM3_IRQ                                 0x08001321   Thumb Code    98  timer.o(.text)
    TIM2_Timer_Init                          0x08001383   Thumb Code    90  timer.o(.text)
    TIM2_IRQ                                 0x080013dd   Thumb Code    20  timer.o(.text)
    TIM4_Timer_Init                          0x080013f1   Thumb Code    88  timer.o(.text)
    TIM4_IRQ                                 0x08001449   Thumb Code    20  timer.o(.text)
    TIM5_Timer_Init                          0x0800145d   Thumb Code    88  timer.o(.text)
    TIM5_IRQ                                 0x080014b5   Thumb Code    20  timer.o(.text)
    TIMx_Timer_Init                          0x080014c9   Thumb Code    68  timer.o(.text)
    Reset_Handler                            0x0800151d   Thumb Code     8  startup_stm32f40_41xxx.o(.text)
    HardFault_Handler                        0x08001527   Thumb Code     2  startup_stm32f40_41xxx.o(.text)
    ADC_IRQHandler                           0x08001537   Thumb Code     0  startup_stm32f40_41xxx.o(.text)
    CAN1_RX0_IRQHandler                      0x08001537   Thumb Code     0  startup_stm32f40_41xxx.o(.text)
    CAN1_RX1_IRQHandler                      0x08001537   Thumb Code     0  startup_stm32f40_41xxx.o(.text)
    CAN1_SCE_IRQHandler                      0x08001537   Thumb Code     0  startup_stm32f40_41xxx.o(.text)
    CAN1_TX_IRQHandler                       0x08001537   Thumb Code     0  startup_stm32f40_41xxx.o(.text)
    CAN2_RX0_IRQHandler                      0x08001537   Thumb Code     0  startup_stm32f40_41xxx.o(.text)
    CAN2_RX1_IRQHandler                      0x08001537   Thumb Code     0  startup_stm32f40_41xxx.o(.text)
    CAN2_SCE_IRQHandler                      0x08001537   Thumb Code     0  startup_stm32f40_41xxx.o(.text)
    CAN2_TX_IRQHandler                       0x08001537   Thumb Code     0  startup_stm32f40_41xxx.o(.text)
    CRYP_IRQHandler                          0x08001537   Thumb Code     0  startup_stm32f40_41xxx.o(.text)
    DCMI_IRQHandler                          0x08001537   Thumb Code     0  startup_stm32f40_41xxx.o(.text)
    DMA1_Stream0_IRQHandler                  0x08001537   Thumb Code     0  startup_stm32f40_41xxx.o(.text)
    DMA1_Stream1_IRQHandler                  0x08001537   Thumb Code     0  startup_stm32f40_41xxx.o(.text)
    DMA1_Stream2_IRQHandler                  0x08001537   Thumb Code     0  startup_stm32f40_41xxx.o(.text)
    DMA1_Stream3_IRQHandler                  0x08001537   Thumb Code     0  startup_stm32f40_41xxx.o(.text)
    DMA1_Stream4_IRQHandler                  0x08001537   Thumb Code     0  startup_stm32f40_41xxx.o(.text)
    DMA1_Stream5_IRQHandler                  0x08001537   Thumb Code     0  startup_stm32f40_41xxx.o(.text)
    DMA1_Stream6_IRQHandler                  0x08001537   Thumb Code     0  startup_stm32f40_41xxx.o(.text)
    DMA1_Stream7_IRQHandler                  0x08001537   Thumb Code     0  startup_stm32f40_41xxx.o(.text)
    DMA2_Stream0_IRQHandler                  0x08001537   Thumb Code     0  startup_stm32f40_41xxx.o(.text)
    DMA2_Stream1_IRQHandler                  0x08001537   Thumb Code     0  startup_stm32f40_41xxx.o(.text)
    DMA2_Stream2_IRQHandler                  0x08001537   Thumb Code     0  startup_stm32f40_41xxx.o(.text)
    DMA2_Stream3_IRQHandler                  0x08001537   Thumb Code     0  startup_stm32f40_41xxx.o(.text)
    DMA2_Stream4_IRQHandler                  0x08001537   Thumb Code     0  startup_stm32f40_41xxx.o(.text)
    DMA2_Stream5_IRQHandler                  0x08001537   Thumb Code     0  startup_stm32f40_41xxx.o(.text)
    DMA2_Stream6_IRQHandler                  0x08001537   Thumb Code     0  startup_stm32f40_41xxx.o(.text)
    DMA2_Stream7_IRQHandler                  0x08001537   Thumb Code     0  startup_stm32f40_41xxx.o(.text)
    ETH_IRQHandler                           0x08001537   Thumb Code     0  startup_stm32f40_41xxx.o(.text)
    ETH_WKUP_IRQHandler                      0x08001537   Thumb Code     0  startup_stm32f40_41xxx.o(.text)
    EXTI0_IRQHandler                         0x08001537   Thumb Code     0  startup_stm32f40_41xxx.o(.text)
    EXTI15_10_IRQHandler                     0x08001537   Thumb Code     0  startup_stm32f40_41xxx.o(.text)
    EXTI1_IRQHandler                         0x08001537   Thumb Code     0  startup_stm32f40_41xxx.o(.text)
    EXTI2_IRQHandler                         0x08001537   Thumb Code     0  startup_stm32f40_41xxx.o(.text)
    EXTI3_IRQHandler                         0x08001537   Thumb Code     0  startup_stm32f40_41xxx.o(.text)
    EXTI4_IRQHandler                         0x08001537   Thumb Code     0  startup_stm32f40_41xxx.o(.text)
    EXTI9_5_IRQHandler                       0x08001537   Thumb Code     0  startup_stm32f40_41xxx.o(.text)
    FLASH_IRQHandler                         0x08001537   Thumb Code     0  startup_stm32f40_41xxx.o(.text)
    FPU_IRQHandler                           0x08001537   Thumb Code     0  startup_stm32f40_41xxx.o(.text)
    FSMC_IRQHandler                          0x08001537   Thumb Code     0  startup_stm32f40_41xxx.o(.text)
    HASH_RNG_IRQHandler                      0x08001537   Thumb Code     0  startup_stm32f40_41xxx.o(.text)
    I2C1_ER_IRQHandler                       0x08001537   Thumb Code     0  startup_stm32f40_41xxx.o(.text)
    I2C1_EV_IRQHandler                       0x08001537   Thumb Code     0  startup_stm32f40_41xxx.o(.text)
    I2C2_ER_IRQHandler                       0x08001537   Thumb Code     0  startup_stm32f40_41xxx.o(.text)
    I2C2_EV_IRQHandler                       0x08001537   Thumb Code     0  startup_stm32f40_41xxx.o(.text)
    I2C3_ER_IRQHandler                       0x08001537   Thumb Code     0  startup_stm32f40_41xxx.o(.text)
    I2C3_EV_IRQHandler                       0x08001537   Thumb Code     0  startup_stm32f40_41xxx.o(.text)
    OTG_FS_IRQHandler                        0x08001537   Thumb Code     0  startup_stm32f40_41xxx.o(.text)
    OTG_FS_WKUP_IRQHandler                   0x08001537   Thumb Code     0  startup_stm32f40_41xxx.o(.text)
    OTG_HS_EP1_IN_IRQHandler                 0x08001537   Thumb Code     0  startup_stm32f40_41xxx.o(.text)
    OTG_HS_EP1_OUT_IRQHandler                0x08001537   Thumb Code     0  startup_stm32f40_41xxx.o(.text)
    OTG_HS_IRQHandler                        0x08001537   Thumb Code     0  startup_stm32f40_41xxx.o(.text)
    OTG_HS_WKUP_IRQHandler                   0x08001537   Thumb Code     0  startup_stm32f40_41xxx.o(.text)
    PVD_IRQHandler                           0x08001537   Thumb Code     0  startup_stm32f40_41xxx.o(.text)
    RCC_IRQHandler                           0x08001537   Thumb Code     0  startup_stm32f40_41xxx.o(.text)
    RTC_Alarm_IRQHandler                     0x08001537   Thumb Code     0  startup_stm32f40_41xxx.o(.text)
    RTC_WKUP_IRQHandler                      0x08001537   Thumb Code     0  startup_stm32f40_41xxx.o(.text)
    SDIO_IRQHandler                          0x08001537   Thumb Code     0  startup_stm32f40_41xxx.o(.text)
    SPI1_IRQHandler                          0x08001537   Thumb Code     0  startup_stm32f40_41xxx.o(.text)
    SPI2_IRQHandler                          0x08001537   Thumb Code     0  startup_stm32f40_41xxx.o(.text)
    SPI3_IRQHandler                          0x08001537   Thumb Code     0  startup_stm32f40_41xxx.o(.text)
    TAMP_STAMP_IRQHandler                    0x08001537   Thumb Code     0  startup_stm32f40_41xxx.o(.text)
    TIM1_BRK_TIM9_IRQHandler                 0x08001537   Thumb Code     0  startup_stm32f40_41xxx.o(.text)
    TIM1_CC_IRQHandler                       0x08001537   Thumb Code     0  startup_stm32f40_41xxx.o(.text)
    TIM1_TRG_COM_TIM11_IRQHandler            0x08001537   Thumb Code     0  startup_stm32f40_41xxx.o(.text)
    TIM1_UP_TIM10_IRQHandler                 0x08001537   Thumb Code     0  startup_stm32f40_41xxx.o(.text)
    TIM6_DAC_IRQHandler                      0x08001537   Thumb Code     0  startup_stm32f40_41xxx.o(.text)
    TIM7_IRQHandler                          0x08001537   Thumb Code     0  startup_stm32f40_41xxx.o(.text)
    TIM8_BRK_TIM12_IRQHandler                0x08001537   Thumb Code     0  startup_stm32f40_41xxx.o(.text)
    TIM8_CC_IRQHandler                       0x08001537   Thumb Code     0  startup_stm32f40_41xxx.o(.text)
    TIM8_TRG_COM_TIM14_IRQHandler            0x08001537   Thumb Code     0  startup_stm32f40_41xxx.o(.text)
    TIM8_UP_TIM13_IRQHandler                 0x08001537   Thumb Code     0  startup_stm32f40_41xxx.o(.text)
    USART6_IRQHandler                        0x08001537   Thumb Code     0  startup_stm32f40_41xxx.o(.text)
    WWDG_IRQHandler                          0x08001537   Thumb Code     0  startup_stm32f40_41xxx.o(.text)
    __user_initial_stackheap                 0x08001539   Thumb Code     0  startup_stm32f40_41xxx.o(.text)
    NVIC_PriorityGroupConfig                 0x0800155d   Thumb Code    10  misc.o(.text)
    NVIC_Init                                0x08001567   Thumb Code   106  misc.o(.text)
    NVIC_SetVectorTable                      0x080015d1   Thumb Code    14  misc.o(.text)
    NVIC_SystemLPConfig                      0x080015df   Thumb Code    34  misc.o(.text)
    SysTick_CLKSourceConfig                  0x08001601   Thumb Code    40  misc.o(.text)
    ADC_DeInit                               0x0800163d   Thumb Code    22  stm32f4xx_adc.o(.text)
    ADC_Init                                 0x08001653   Thumb Code    74  stm32f4xx_adc.o(.text)
    ADC_StructInit                           0x0800169d   Thumb Code    20  stm32f4xx_adc.o(.text)
    ADC_CommonInit                           0x080016b1   Thumb Code    34  stm32f4xx_adc.o(.text)
    ADC_CommonStructInit                     0x080016d3   Thumb Code    12  stm32f4xx_adc.o(.text)
    ADC_Cmd                                  0x080016df   Thumb Code    22  stm32f4xx_adc.o(.text)
    ADC_AnalogWatchdogCmd                    0x080016f5   Thumb Code    16  stm32f4xx_adc.o(.text)
    ADC_AnalogWatchdogThresholdsConfig       0x08001705   Thumb Code     6  stm32f4xx_adc.o(.text)
    ADC_AnalogWatchdogSingleChannelConfig    0x0800170b   Thumb Code    16  stm32f4xx_adc.o(.text)
    ADC_TempSensorVrefintCmd                 0x0800171b   Thumb Code    34  stm32f4xx_adc.o(.text)
    ADC_VBATCmd                              0x0800173d   Thumb Code    34  stm32f4xx_adc.o(.text)
    ADC_RegularChannelConfig                 0x0800175f   Thumb Code   184  stm32f4xx_adc.o(.text)
    ADC_SoftwareStartConv                    0x08001817   Thumb Code    10  stm32f4xx_adc.o(.text)
    ADC_GetSoftwareStartConvStatus           0x08001821   Thumb Code    20  stm32f4xx_adc.o(.text)
    ADC_EOCOnEachRegularChannelCmd           0x08001835   Thumb Code    22  stm32f4xx_adc.o(.text)
    ADC_ContinuousModeCmd                    0x0800184b   Thumb Code    22  stm32f4xx_adc.o(.text)
    ADC_DiscModeChannelCountConfig           0x08001861   Thumb Code    24  stm32f4xx_adc.o(.text)
    ADC_DiscModeCmd                          0x08001879   Thumb Code    22  stm32f4xx_adc.o(.text)
    ADC_GetConversionValue                   0x0800188f   Thumb Code     8  stm32f4xx_adc.o(.text)
    ADC_GetMultiModeConversionValue          0x08001897   Thumb Code     8  stm32f4xx_adc.o(.text)
    ADC_DMACmd                               0x0800189f   Thumb Code    22  stm32f4xx_adc.o(.text)
    ADC_DMARequestAfterLastTransferCmd       0x080018b5   Thumb Code    22  stm32f4xx_adc.o(.text)
    ADC_MultiModeDMARequestAfterLastTransferCmd 0x080018cb   Thumb Code    34  stm32f4xx_adc.o(.text)
    ADC_InjectedChannelConfig                0x080018ed   Thumb Code   130  stm32f4xx_adc.o(.text)
    ADC_InjectedSequencerLengthConfig        0x0800196f   Thumb Code    24  stm32f4xx_adc.o(.text)
    ADC_SetInjectedOffset                    0x08001987   Thumb Code    20  stm32f4xx_adc.o(.text)
    ADC_ExternalTrigInjectedConvConfig       0x0800199b   Thumb Code    16  stm32f4xx_adc.o(.text)
    ADC_ExternalTrigInjectedConvEdgeConfig   0x080019ab   Thumb Code    16  stm32f4xx_adc.o(.text)
    ADC_SoftwareStartInjectedConv            0x080019bb   Thumb Code    10  stm32f4xx_adc.o(.text)
    ADC_GetSoftwareStartInjectedConvCmdStatus 0x080019c5   Thumb Code    20  stm32f4xx_adc.o(.text)
    ADC_AutoInjectedConvCmd                  0x080019d9   Thumb Code    22  stm32f4xx_adc.o(.text)
    ADC_InjectedDiscModeCmd                  0x080019ef   Thumb Code    22  stm32f4xx_adc.o(.text)
    ADC_GetInjectedConversionValue           0x08001a05   Thumb Code    28  stm32f4xx_adc.o(.text)
    ADC_ITConfig                             0x08001a21   Thumb Code    56  stm32f4xx_adc.o(.text)
    ADC_GetFlagStatus                        0x08001a59   Thumb Code    18  stm32f4xx_adc.o(.text)
    ADC_ClearFlag                            0x08001a6b   Thumb Code     6  stm32f4xx_adc.o(.text)
    ADC_GetITStatus                          0x08001a71   Thumb Code    38  stm32f4xx_adc.o(.text)
    ADC_ClearITPendingBit                    0x08001a97   Thumb Code    10  stm32f4xx_adc.o(.text)
    GPIO_DeInit                              0x08001aa1   Thumb Code   268  stm32f4xx_gpio.o(.text)
    GPIO_Init                                0x08001bad   Thumb Code   144  stm32f4xx_gpio.o(.text)
    GPIO_StructInit                          0x08001c3d   Thumb Code    18  stm32f4xx_gpio.o(.text)
    GPIO_PinLockConfig                       0x08001c4f   Thumb Code    34  stm32f4xx_gpio.o(.text)
    GPIO_ReadInputDataBit                    0x08001c71   Thumb Code    18  stm32f4xx_gpio.o(.text)
    GPIO_ReadInputData                       0x08001c83   Thumb Code     8  stm32f4xx_gpio.o(.text)
    GPIO_ReadOutputDataBit                   0x08001c8b   Thumb Code    18  stm32f4xx_gpio.o(.text)
    GPIO_ReadOutputData                      0x08001c9d   Thumb Code     8  stm32f4xx_gpio.o(.text)
    GPIO_SetBits                             0x08001ca5   Thumb Code     4  stm32f4xx_gpio.o(.text)
    GPIO_ResetBits                           0x08001ca9   Thumb Code     4  stm32f4xx_gpio.o(.text)
    GPIO_WriteBit                            0x08001cad   Thumb Code    10  stm32f4xx_gpio.o(.text)
    GPIO_Write                               0x08001cb7   Thumb Code     4  stm32f4xx_gpio.o(.text)
    GPIO_ToggleBits                          0x08001cbb   Thumb Code     8  stm32f4xx_gpio.o(.text)
    GPIO_PinAFConfig                         0x08001cc3   Thumb Code    70  stm32f4xx_gpio.o(.text)
    RCC_DeInit                               0x08001d35   Thumb Code    82  stm32f4xx_rcc.o(.text)
    RCC_HSEConfig                            0x08001d87   Thumb Code    14  stm32f4xx_rcc.o(.text)
    RCC_GetFlagStatus                        0x08001d95   Thumb Code    60  stm32f4xx_rcc.o(.text)
    RCC_WaitForHSEStartUp                    0x08001dd1   Thumb Code    56  stm32f4xx_rcc.o(.text)
    RCC_AdjustHSICalibrationValue            0x08001e09   Thumb Code    20  stm32f4xx_rcc.o(.text)
    RCC_HSICmd                               0x08001e1d   Thumb Code     6  stm32f4xx_rcc.o(.text)
    RCC_LSEConfig                            0x08001e23   Thumb Code    46  stm32f4xx_rcc.o(.text)
    RCC_LSICmd                               0x08001e51   Thumb Code     6  stm32f4xx_rcc.o(.text)
    RCC_PLLConfig                            0x08001e57   Thumb Code    32  stm32f4xx_rcc.o(.text)
    RCC_PLLCmd                               0x08001e77   Thumb Code     6  stm32f4xx_rcc.o(.text)
    RCC_PLLI2SConfig                         0x08001e7d   Thumb Code    14  stm32f4xx_rcc.o(.text)
    RCC_PLLI2SCmd                            0x08001e8b   Thumb Code     6  stm32f4xx_rcc.o(.text)
    RCC_PLLSAIConfig                         0x08001e91   Thumb Code    20  stm32f4xx_rcc.o(.text)
    RCC_PLLSAICmd                            0x08001ea5   Thumb Code     6  stm32f4xx_rcc.o(.text)
    RCC_ClockSecuritySystemCmd               0x08001eab   Thumb Code     6  stm32f4xx_rcc.o(.text)
    RCC_MCO1Config                           0x08001eb1   Thumb Code    28  stm32f4xx_rcc.o(.text)
    RCC_MCO2Config                           0x08001ecd   Thumb Code    28  stm32f4xx_rcc.o(.text)
    RCC_SYSCLKConfig                         0x08001ee9   Thumb Code    20  stm32f4xx_rcc.o(.text)
    RCC_GetSYSCLKSource                      0x08001efd   Thumb Code    12  stm32f4xx_rcc.o(.text)
    RCC_HCLKConfig                           0x08001f09   Thumb Code    20  stm32f4xx_rcc.o(.text)
    RCC_PCLK1Config                          0x08001f1d   Thumb Code    20  stm32f4xx_rcc.o(.text)
    RCC_PCLK2Config                          0x08001f31   Thumb Code    22  stm32f4xx_rcc.o(.text)
    RCC_GetClocksFreq                        0x08001f47   Thumb Code   222  stm32f4xx_rcc.o(.text)
    RCC_RTCCLKConfig                         0x08002025   Thumb Code    54  stm32f4xx_rcc.o(.text)
    RCC_RTCCLKCmd                            0x0800205b   Thumb Code     8  stm32f4xx_rcc.o(.text)
    RCC_BackupResetCmd                       0x08002063   Thumb Code     8  stm32f4xx_rcc.o(.text)
    RCC_I2SCLKConfig                         0x0800206b   Thumb Code     6  stm32f4xx_rcc.o(.text)
    RCC_SAIPLLI2SClkDivConfig                0x08002071   Thumb Code    26  stm32f4xx_rcc.o(.text)
    RCC_SAIPLLSAIClkDivConfig                0x0800208b   Thumb Code    28  stm32f4xx_rcc.o(.text)
    RCC_SAIBlockACLKConfig                   0x080020a7   Thumb Code    20  stm32f4xx_rcc.o(.text)
    RCC_SAIBlockBCLKConfig                   0x080020bb   Thumb Code    20  stm32f4xx_rcc.o(.text)
    RCC_LTDCCLKDivConfig                     0x080020cf   Thumb Code    20  stm32f4xx_rcc.o(.text)
    RCC_TIMCLKPresConfig                     0x080020e3   Thumb Code     6  stm32f4xx_rcc.o(.text)
    RCC_AHB1PeriphClockCmd                   0x080020e9   Thumb Code    34  stm32f4xx_rcc.o(.text)
    RCC_AHB2PeriphClockCmd                   0x0800210b   Thumb Code    78  stm32f4xx_rcc.o(.text)
    RCC_AHB3PeriphClockCmd                   0x08002159   Thumb Code    34  stm32f4xx_rcc.o(.text)
    RCC_APB1PeriphClockCmd                   0x0800217b   Thumb Code    34  stm32f4xx_rcc.o(.text)
    RCC_APB2PeriphClockCmd                   0x0800219d   Thumb Code    34  stm32f4xx_rcc.o(.text)
    RCC_AHB1PeriphResetCmd                   0x080021bf   Thumb Code    34  stm32f4xx_rcc.o(.text)
    RCC_AHB2PeriphResetCmd                   0x080021e1   Thumb Code    34  stm32f4xx_rcc.o(.text)
    RCC_AHB3PeriphResetCmd                   0x08002203   Thumb Code    34  stm32f4xx_rcc.o(.text)
    RCC_APB1PeriphResetCmd                   0x08002225   Thumb Code    34  stm32f4xx_rcc.o(.text)
    RCC_APB2PeriphResetCmd                   0x08002247   Thumb Code    34  stm32f4xx_rcc.o(.text)
    RCC_AHB1PeriphClockLPModeCmd             0x08002269   Thumb Code    34  stm32f4xx_rcc.o(.text)
    RCC_AHB2PeriphClockLPModeCmd             0x0800228b   Thumb Code    34  stm32f4xx_rcc.o(.text)
    RCC_AHB3PeriphClockLPModeCmd             0x080022ad   Thumb Code    34  stm32f4xx_rcc.o(.text)
    RCC_APB1PeriphClockLPModeCmd             0x080022cf   Thumb Code    34  stm32f4xx_rcc.o(.text)
    RCC_APB2PeriphClockLPModeCmd             0x080022f1   Thumb Code    34  stm32f4xx_rcc.o(.text)
    RCC_LSEModeConfig                        0x08002313   Thumb Code    40  stm32f4xx_rcc.o(.text)
    RCC_ITConfig                             0x0800233b   Thumb Code    34  stm32f4xx_rcc.o(.text)
    RCC_ClearFlag                            0x0800235d   Thumb Code    18  stm32f4xx_rcc.o(.text)
    RCC_GetITStatus                          0x0800236f   Thumb Code    22  stm32f4xx_rcc.o(.text)
    RCC_ClearITPendingBit                    0x08002385   Thumb Code     8  stm32f4xx_rcc.o(.text)
    TIM_DeInit                               0x08002391   Thumb Code   346  stm32f4xx_tim.o(.text)
    TIM_TimeBaseInit                         0x080024eb   Thumb Code   104  stm32f4xx_tim.o(.text)
    TIM_TimeBaseStructInit                   0x08002553   Thumb Code    18  stm32f4xx_tim.o(.text)
    TIM_PrescalerConfig                      0x08002565   Thumb Code     6  stm32f4xx_tim.o(.text)
    TIM_CounterModeConfig                    0x0800256b   Thumb Code    18  stm32f4xx_tim.o(.text)
    TIM_SetCounter                           0x0800257d   Thumb Code     4  stm32f4xx_tim.o(.text)
    TIM_SetAutoreload                        0x08002581   Thumb Code     4  stm32f4xx_tim.o(.text)
    TIM_GetCounter                           0x08002585   Thumb Code     6  stm32f4xx_tim.o(.text)
    TIM_GetPrescaler                         0x0800258b   Thumb Code     6  stm32f4xx_tim.o(.text)
    TIM_UpdateDisableConfig                  0x08002591   Thumb Code    24  stm32f4xx_tim.o(.text)
    TIM_UpdateRequestConfig                  0x080025a9   Thumb Code    24  stm32f4xx_tim.o(.text)
    TIM_ARRPreloadConfig                     0x080025c1   Thumb Code    24  stm32f4xx_tim.o(.text)
    TIM_SelectOnePulseMode                   0x080025d9   Thumb Code    18  stm32f4xx_tim.o(.text)
    TIM_SetClockDivision                     0x080025eb   Thumb Code    18  stm32f4xx_tim.o(.text)
    TIM_Cmd                                  0x080025fd   Thumb Code    24  stm32f4xx_tim.o(.text)
    TIM_OC1Init                              0x08002615   Thumb Code   114  stm32f4xx_tim.o(.text)
    TIM_OC2Init                              0x08002687   Thumb Code   154  stm32f4xx_tim.o(.text)
    TIM_OC3Init                              0x08002721   Thumb Code   204  stm32f4xx_tim.o(.text)
    TIM_OC4Init                              0x080027ed   Thumb Code   112  stm32f4xx_tim.o(.text)
    TIM_OCStructInit                         0x0800285d   Thumb Code    20  stm32f4xx_tim.o(.text)
    TIM_SelectOCxM                           0x08002871   Thumb Code    86  stm32f4xx_tim.o(.text)
    TIM_SetCompare1                          0x080028c7   Thumb Code     4  stm32f4xx_tim.o(.text)
    TIM_SetCompare2                          0x080028cb   Thumb Code     4  stm32f4xx_tim.o(.text)
    TIM_SetCompare3                          0x080028cf   Thumb Code     4  stm32f4xx_tim.o(.text)
    TIM_SetCompare4                          0x080028d3   Thumb Code     4  stm32f4xx_tim.o(.text)
    TIM_ForcedOC1Config                      0x080028d7   Thumb Code    18  stm32f4xx_tim.o(.text)
    TIM_ForcedOC2Config                      0x080028e9   Thumb Code    26  stm32f4xx_tim.o(.text)
    TIM_ForcedOC3Config                      0x08002903   Thumb Code    18  stm32f4xx_tim.o(.text)
    TIM_ForcedOC4Config                      0x08002915   Thumb Code    26  stm32f4xx_tim.o(.text)
    TIM_OC1PreloadConfig                     0x0800292f   Thumb Code    18  stm32f4xx_tim.o(.text)
    TIM_OC2PreloadConfig                     0x08002941   Thumb Code    26  stm32f4xx_tim.o(.text)
    TIM_OC3PreloadConfig                     0x0800295b   Thumb Code    18  stm32f4xx_tim.o(.text)
    TIM_OC4PreloadConfig                     0x0800296d   Thumb Code    26  stm32f4xx_tim.o(.text)
    TIM_OC1FastConfig                        0x08002987   Thumb Code    18  stm32f4xx_tim.o(.text)
    TIM_OC2FastConfig                        0x08002999   Thumb Code    26  stm32f4xx_tim.o(.text)
    TIM_OC3FastConfig                        0x080029b3   Thumb Code    18  stm32f4xx_tim.o(.text)
    TIM_OC4FastConfig                        0x080029c5   Thumb Code    26  stm32f4xx_tim.o(.text)
    TIM_ClearOC1Ref                          0x080029df   Thumb Code    18  stm32f4xx_tim.o(.text)
    TIM_ClearOC2Ref                          0x080029f1   Thumb Code    24  stm32f4xx_tim.o(.text)
    TIM_ClearOC3Ref                          0x08002a09   Thumb Code    18  stm32f4xx_tim.o(.text)
    TIM_ClearOC4Ref                          0x08002a1b   Thumb Code    24  stm32f4xx_tim.o(.text)
    TIM_OC1PolarityConfig                    0x08002a33   Thumb Code    18  stm32f4xx_tim.o(.text)
    TIM_OC1NPolarityConfig                   0x08002a45   Thumb Code    18  stm32f4xx_tim.o(.text)
    TIM_OC2PolarityConfig                    0x08002a57   Thumb Code    26  stm32f4xx_tim.o(.text)
    TIM_OC2NPolarityConfig                   0x08002a71   Thumb Code    26  stm32f4xx_tim.o(.text)
    TIM_OC3PolarityConfig                    0x08002a8b   Thumb Code    26  stm32f4xx_tim.o(.text)
    TIM_OC3NPolarityConfig                   0x08002aa5   Thumb Code    26  stm32f4xx_tim.o(.text)
    TIM_OC4PolarityConfig                    0x08002abf   Thumb Code    26  stm32f4xx_tim.o(.text)
    TIM_CCxCmd                               0x08002ad9   Thumb Code    30  stm32f4xx_tim.o(.text)
    TIM_CCxNCmd                              0x08002af7   Thumb Code    30  stm32f4xx_tim.o(.text)
    TIM_SetIC4Prescaler                      0x08002b15   Thumb Code    26  stm32f4xx_tim.o(.text)
    TIM_SetIC3Prescaler                      0x08002b7f   Thumb Code    18  stm32f4xx_tim.o(.text)
    TIM_SetIC2Prescaler                      0x08002bd9   Thumb Code    26  stm32f4xx_tim.o(.text)
    TIM_SetIC1Prescaler                      0x08002c4d   Thumb Code    18  stm32f4xx_tim.o(.text)
    TIM_ICInit                               0x08002c99   Thumb Code   110  stm32f4xx_tim.o(.text)
    TIM_ICStructInit                         0x08002d07   Thumb Code    18  stm32f4xx_tim.o(.text)
    TIM_PWMIConfig                           0x08002d19   Thumb Code   124  stm32f4xx_tim.o(.text)
    TIM_GetCapture1                          0x08002d95   Thumb Code     6  stm32f4xx_tim.o(.text)
    TIM_GetCapture2                          0x08002d9b   Thumb Code     6  stm32f4xx_tim.o(.text)
    TIM_GetCapture3                          0x08002da1   Thumb Code     6  stm32f4xx_tim.o(.text)
    TIM_GetCapture4                          0x08002da7   Thumb Code     6  stm32f4xx_tim.o(.text)
    TIM_BDTRConfig                           0x08002dad   Thumb Code    32  stm32f4xx_tim.o(.text)
    TIM_BDTRStructInit                       0x08002dcd   Thumb Code    18  stm32f4xx_tim.o(.text)
    TIM_CtrlPWMOutputs                       0x08002ddf   Thumb Code    30  stm32f4xx_tim.o(.text)
    TIM_SelectCOM                            0x08002dfd   Thumb Code    24  stm32f4xx_tim.o(.text)
    TIM_CCPreloadControl                     0x08002e15   Thumb Code    24  stm32f4xx_tim.o(.text)
    TIM_ITConfig                             0x08002e2d   Thumb Code    18  stm32f4xx_tim.o(.text)
    TIM_GenerateEvent                        0x08002e3f   Thumb Code     4  stm32f4xx_tim.o(.text)
    TIM_GetFlagStatus                        0x08002e43   Thumb Code    18  stm32f4xx_tim.o(.text)
    TIM_ClearFlag                            0x08002e55   Thumb Code     6  stm32f4xx_tim.o(.text)
    TIM_GetITStatus                          0x08002e5b   Thumb Code    34  stm32f4xx_tim.o(.text)
    TIM_ClearITPendingBit                    0x08002e7d   Thumb Code     6  stm32f4xx_tim.o(.text)
    TIM_DMAConfig                            0x08002e83   Thumb Code    10  stm32f4xx_tim.o(.text)
    TIM_DMACmd                               0x08002e8d   Thumb Code    18  stm32f4xx_tim.o(.text)
    TIM_SelectCCDMA                          0x08002e9f   Thumb Code    24  stm32f4xx_tim.o(.text)
    TIM_InternalClockConfig                  0x08002eb7   Thumb Code    12  stm32f4xx_tim.o(.text)
    TIM_SelectInputTrigger                   0x08002ec3   Thumb Code    18  stm32f4xx_tim.o(.text)
    TIM_ITRxExternalClockConfig              0x08002ed5   Thumb Code    24  stm32f4xx_tim.o(.text)
    TIM_TIxExternalClockConfig               0x08002eed   Thumb Code    62  stm32f4xx_tim.o(.text)
    TIM_ETRConfig                            0x08002f2b   Thumb Code    28  stm32f4xx_tim.o(.text)
    TIM_ETRClockMode1Config                  0x08002f47   Thumb Code    54  stm32f4xx_tim.o(.text)
    TIM_ETRClockMode2Config                  0x08002f7d   Thumb Code    32  stm32f4xx_tim.o(.text)
    TIM_SelectOutputTrigger                  0x08002f9d   Thumb Code    18  stm32f4xx_tim.o(.text)
    TIM_SelectSlaveMode                      0x08002faf   Thumb Code    18  stm32f4xx_tim.o(.text)
    TIM_SelectMasterSlaveMode                0x08002fc1   Thumb Code    18  stm32f4xx_tim.o(.text)
    TIM_EncoderInterfaceConfig               0x08002fd3   Thumb Code    66  stm32f4xx_tim.o(.text)
    TIM_SelectHallSensor                     0x08003015   Thumb Code    24  stm32f4xx_tim.o(.text)
    TIM_RemapConfig                          0x0800302d   Thumb Code     6  stm32f4xx_tim.o(.text)
    USART_DeInit                             0x08003035   Thumb Code   206  stm32f4xx_usart.o(.text)
    USART_Init                               0x08003103   Thumb Code   204  stm32f4xx_usart.o(.text)
    USART_StructInit                         0x080031cf   Thumb Code    24  stm32f4xx_usart.o(.text)
    USART_ClockInit                          0x080031e7   Thumb Code    32  stm32f4xx_usart.o(.text)
    USART_ClockStructInit                    0x08003207   Thumb Code    12  stm32f4xx_usart.o(.text)
    USART_Cmd                                0x08003213   Thumb Code    24  stm32f4xx_usart.o(.text)
    USART_SetPrescaler                       0x0800322b   Thumb Code    16  stm32f4xx_usart.o(.text)
    USART_OverSampling8Cmd                   0x0800323b   Thumb Code    22  stm32f4xx_usart.o(.text)
    USART_OneBitMethodCmd                    0x08003251   Thumb Code    24  stm32f4xx_usart.o(.text)
    USART_SendData                           0x08003269   Thumb Code     8  stm32f4xx_usart.o(.text)
    USART_ReceiveData                        0x08003271   Thumb Code    10  stm32f4xx_usart.o(.text)
    USART_SetAddress                         0x0800327b   Thumb Code    18  stm32f4xx_usart.o(.text)
    USART_ReceiverWakeUpCmd                  0x0800328d   Thumb Code    24  stm32f4xx_usart.o(.text)
    USART_WakeUpConfig                       0x080032a5   Thumb Code    18  stm32f4xx_usart.o(.text)
    USART_LINBreakDetectLengthConfig         0x080032b7   Thumb Code    18  stm32f4xx_usart.o(.text)
    USART_LINCmd                             0x080032c9   Thumb Code    24  stm32f4xx_usart.o(.text)
    USART_SendBreak                          0x080032e1   Thumb Code    10  stm32f4xx_usart.o(.text)
    USART_HalfDuplexCmd                      0x080032eb   Thumb Code    24  stm32f4xx_usart.o(.text)
    USART_SetGuardTime                       0x08003303   Thumb Code    16  stm32f4xx_usart.o(.text)
    USART_SmartCardCmd                       0x08003313   Thumb Code    24  stm32f4xx_usart.o(.text)
    USART_SmartCardNACKCmd                   0x0800332b   Thumb Code    24  stm32f4xx_usart.o(.text)
    USART_IrDAConfig                         0x08003343   Thumb Code    18  stm32f4xx_usart.o(.text)
    USART_IrDACmd                            0x08003355   Thumb Code    24  stm32f4xx_usart.o(.text)
    USART_DMACmd                             0x0800336d   Thumb Code    18  stm32f4xx_usart.o(.text)
    USART_ITConfig                           0x0800337f   Thumb Code    74  stm32f4xx_usart.o(.text)
    USART_GetFlagStatus                      0x080033c9   Thumb Code    26  stm32f4xx_usart.o(.text)
    USART_ClearFlag                          0x080033e3   Thumb Code    18  stm32f4xx_usart.o(.text)
    USART_GetITStatus                        0x080033f5   Thumb Code   118  stm32f4xx_usart.o(.text)
    USART_ClearITPendingBit                  0x0800346b   Thumb Code    30  stm32f4xx_usart.o(.text)
    SysTick_Handler                          0x08003489   Thumb Code    28  delay.o(.text)
    getSysTickCnt                            0x080034a5   Thumb Code    22  delay.o(.text)
    SysTick_ConfigInit                       0x080034bb   Thumb Code    74  delay.o(.text)
    delay_us                                 0x08003505   Thumb Code    68  delay.o(.text)
    delay_ms                                 0x08003549   Thumb Code    60  delay.o(.text)
    delay_xms                                0x08003585   Thumb Code    24  delay.o(.text)
    _sys_exit                                0x080035b1   Thumb Code     4  usart.o(.text)
    fputc                                    0x080035b5   Thumb Code    22  usart.o(.text)
    USART1_Init                              0x080035cb   Thumb Code   164  usart.o(.text)
    USART1_IRQ                               0x0800366f   Thumb Code   104  usart.o(.text)
    USART1_Send                              0x080036d7   Thumb Code    60  usart.o(.text)
    usart1_send                              0x08003713   Thumb Code    20  usart.o(.text)
    USART2_Init                              0x08003727   Thumb Code   236  usart.o(.text)
    USART2_IRQ                               0x08003813   Thumb Code   114  usart.o(.text)
    USART2_Send                              0x08003885   Thumb Code    62  usart.o(.text)
    usart2_send                              0x080038c3   Thumb Code    22  usart.o(.text)
    USART3_Init                              0x080038d9   Thumb Code   282  usart.o(.text)
    USART3_IRQ                               0x080039f3   Thumb Code   114  usart.o(.text)
    USART3_Send                              0x08003a65   Thumb Code    62  usart.o(.text)
    usart3_send                              0x08003aa3   Thumb Code    22  usart.o(.text)
    UART4_Init                               0x08003ab9   Thumb Code   194  usart.o(.text)
    UART4_IRQ                                0x08003b7b   Thumb Code   114  usart.o(.text)
    UART4_Send                               0x08003bed   Thumb Code    62  usart.o(.text)
    uart4_send                               0x08003c2b   Thumb Code    22  usart.o(.text)
    UART5_Init                               0x08003c41   Thumb Code   206  usart.o(.text)
    UART5_IRQ                                0x08003d0f   Thumb Code   104  usart.o(.text)
    UART5_Send                               0x08003d77   Thumb Code    60  usart.o(.text)
    uart5_send                               0x08003db3   Thumb Code    82  usart.o(.text)
    vListInitialise                          0x08003e05   Thumb Code    26  list.o(.text)
    vListInitialiseItem                      0x08003e1f   Thumb Code     6  list.o(.text)
    vListInsertEnd                           0x08003e25   Thumb Code    24  list.o(.text)
    vListInsert                              0x08003e3d   Thumb Code    52  list.o(.text)
    uxListRemove                             0x08003e71   Thumb Code    40  list.o(.text)
    xQueueGenericReset                       0x08003e99   Thumb Code   122  queue.o(.text)
    xQueueGenericCreate                      0x08003f41   Thumb Code    56  queue.o(.text)
    xQueueGenericSend                        0x080040f7   Thumb Code   308  queue.o(.text)
    xQueueCreateMutex                        0x08004247   Thumb Code    34  queue.o(.text)
    xQueueGiveMutexRecursive                 0x08004269   Thumb Code    48  queue.o(.text)
    xQueueGenericReceive                     0x080042e1   Thumb Code   342  queue.o(.text)
    xQueueTakeMutexRecursive                 0x08004437   Thumb Code    58  queue.o(.text)
    xQueueCreateCountingSemaphore            0x08004471   Thumb Code    26  queue.o(.text)
    xQueueGenericSendFromISR                 0x0800448b   Thumb Code   156  queue.o(.text)
    xQueueGiveFromISR                        0x08004527   Thumb Code   142  queue.o(.text)
    xQueueReceiveFromISR                     0x080045b5   Thumb Code   130  queue.o(.text)
    xQueuePeekFromISR                        0x08004637   Thumb Code    74  queue.o(.text)
    uxQueueMessagesWaiting                   0x08004681   Thumb Code    18  queue.o(.text)
    uxQueueSpacesAvailable                   0x08004693   Thumb Code    24  queue.o(.text)
    uxQueueMessagesWaitingFromISR            0x080046ab   Thumb Code     6  queue.o(.text)
    vQueueUnregisterQueue                    0x080046b1   Thumb Code    44  queue.o(.text)
    vQueueDelete                             0x080046dd   Thumb Code    20  queue.o(.text)
    uxQueueGetQueueNumber                    0x080046f1   Thumb Code     6  queue.o(.text)
    vQueueSetQueueNumber                     0x080046f7   Thumb Code     4  queue.o(.text)
    ucQueueGetQueueType                      0x080046fb   Thumb Code     8  queue.o(.text)
    xQueueIsQueueEmptyFromISR                0x08004703   Thumb Code    14  queue.o(.text)
    xQueueIsQueueFullFromISR                 0x08004711   Thumb Code    28  queue.o(.text)
    vQueueAddToRegistry                      0x0800472d   Thumb Code    38  queue.o(.text)
    pcQueueGetName                           0x08004753   Thumb Code    38  queue.o(.text)
    vQueueWaitForMessageRestricted           0x08004779   Thumb Code    74  queue.o(.text)
    xQueueCreateSet                          0x080047c3   Thumb Code    20  queue.o(.text)
    xQueueAddToSet                           0x080047d7   Thumb Code    38  queue.o(.text)
    xQueueRemoveFromSet                      0x080047fd   Thumb Code    48  queue.o(.text)
    xQueueSelectFromSet                      0x0800482d   Thumb Code    26  queue.o(.text)
    xQueueSelectFromSetFromISR               0x08004847   Thumb Code    22  queue.o(.text)
    xTaskCreate                              0x080049d3   Thumb Code    96  tasks.o(.text)
    vTaskDelete                              0x08004a6f   Thumb Code   166  tasks.o(.text)
    xTaskIncrementTick                       0x08004b15   Thumb Code   238  tasks.o(.text)
    xTaskResumeAll                           0x08004c03   Thumb Code   282  tasks.o(.text)
    vTaskSuspendAll                          0x08004d99   Thumb Code    12  tasks.o(.text)
    vTaskDelayUntil                          0x08004da5   Thumb Code   106  tasks.o(.text)
    vTaskDelay                               0x08004e0f   Thumb Code    46  tasks.o(.text)
    eTaskGetState                            0x08004e3d   Thumb Code    88  tasks.o(.text)
    uxTaskPriorityGet                        0x08004e95   Thumb Code    30  tasks.o(.text)
    uxTaskPriorityGetFromISR                 0x08004eb3   Thumb Code    52  tasks.o(.text)
    vTaskPrioritySet                         0x08004ee7   Thumb Code   226  tasks.o(.text)
    vTaskSwitchContext                       0x08004fc9   Thumb Code    76  tasks.o(.text)
    vTaskSuspend                             0x08005015   Thumb Code   226  tasks.o(.text)
    vTaskResume                              0x0800512f   Thumb Code   104  tasks.o(.text)
    xTaskResumeFromISR                       0x08005197   Thumb Code   130  tasks.o(.text)
    vTaskStartScheduler                      0x0800528f   Thumb Code    82  tasks.o(.text)
    vTaskEndScheduler                        0x080052e1   Thumb Code    32  tasks.o(.text)
    xTaskGetTickCount                        0x08005301   Thumb Code     6  tasks.o(.text)
    xTaskGetTickCountFromISR                 0x08005307   Thumb Code     8  tasks.o(.text)
    uxTaskGetNumberOfTasks                   0x0800530f   Thumb Code     6  tasks.o(.text)
    pcTaskGetName                            0x08005315   Thumb Code    20  tasks.o(.text)
    vTaskGetInfo                             0x0800533f   Thumb Code   114  tasks.o(.text)
    uxTaskGetSystemState                     0x0800541b   Thumb Code   152  tasks.o(.text)
    vTaskPlaceOnEventList                    0x080054b3   Thumb Code    28  tasks.o(.text)
    vTaskPlaceOnUnorderedEventList           0x080054cf   Thumb Code   118  tasks.o(.text)
    vTaskPlaceOnEventListRestricted          0x08005545   Thumb Code    36  tasks.o(.text)
    xTaskRemoveFromEventList                 0x08005569   Thumb Code   104  tasks.o(.text)
    xTaskRemoveFromUnorderedEventList        0x080055d1   Thumb Code    94  tasks.o(.text)
    vTaskSetTimeOutState                     0x0800562f   Thumb Code    14  tasks.o(.text)
    xTaskCheckForTimeOut                     0x0800563d   Thumb Code    84  tasks.o(.text)
    vTaskMissedYield                         0x08005691   Thumb Code     8  tasks.o(.text)
    uxTaskGetTaskNumber                      0x08005699   Thumb Code    14  tasks.o(.text)
    vTaskSetTaskNumber                       0x080056a7   Thumb Code     8  tasks.o(.text)
    xTaskGetCurrentTaskHandle                0x080056af   Thumb Code     6  tasks.o(.text)
    xTaskGetSchedulerState                   0x080056b5   Thumb Code    24  tasks.o(.text)
    vTaskPriorityInherit                     0x080056cd   Thumb Code   164  tasks.o(.text)
    xTaskPriorityDisinherit                  0x08005771   Thumb Code   122  tasks.o(.text)
    vTaskList                                0x08005815   Thumb Code   204  tasks.o(.text)
    uxTaskResetEventItemValue                0x080058e1   Thumb Code    24  tasks.o(.text)
    pvTaskIncrementMutexHeldCount            0x080058f9   Thumb Code    26  tasks.o(.text)
    ulTaskNotifyTake                         0x08005913   Thumb Code   172  tasks.o(.text)
    xTaskNotifyWait                          0x080059bf   Thumb Code   150  tasks.o(.text)
    xTaskGenericNotify                       0x08005a55   Thumb Code   178  tasks.o(.text)
    xTaskGenericNotifyFromISR                0x08005b07   Thumb Code   228  tasks.o(.text)
    vTaskNotifyGiveFromISR                   0x08005beb   Thumb Code   154  tasks.o(.text)
    xTaskNotifyStateClear                    0x08005c85   Thumb Code    48  tasks.o(.text)
    xTimerGenericCommand                     0x08005d21   Thumb Code   104  timers.o(.text)
    xTimerCreateTimerTask                    0x08006027   Thumb Code    42  timers.o(.text)
    xTimerCreate                             0x0800607f   Thumb Code    48  timers.o(.text)
    xTimerGetTimerDaemonTaskHandle           0x080060af   Thumb Code     6  timers.o(.text)
    xTimerGetPeriod                          0x080060b5   Thumb Code     8  timers.o(.text)
    xTimerGetExpiryTime                      0x080060bd   Thumb Code     8  timers.o(.text)
    pcTimerGetName                           0x080060c5   Thumb Code     8  timers.o(.text)
    xTimerIsTimerActive                      0x080060cd   Thumb Code    86  timers.o(.text)
    pvTimerGetTimerID                        0x08006123   Thumb Code    20  timers.o(.text)
    vTimerSetTimerID                         0x08006137   Thumb Code    20  timers.o(.text)
    xTimerPendFunctionCallFromISR            0x0800614b   Thumb Code    48  timers.o(.text)
    xTimerPendFunctionCall                   0x0800617b   Thumb Code    48  timers.o(.text)
    pxPortInitialiseStack                    0x080061c7   Thumb Code    38  port.o(.text)
    vPortSetupTimerInterrupt                 0x080061ed   Thumb Code    26  port.o(.text)
    xPortStartScheduler                      0x08006207   Thumb Code    58  port.o(.text)
    vPortEndScheduler                        0x08006241   Thumb Code     2  port.o(.text)
    vPortEnterCritical                       0x08006243   Thumb Code    30  port.o(.text)
    vPortExitCritical                        0x08006261   Thumb Code    28  port.o(.text)
    xPortSysTickHandler                      0x0800627d   Thumb Code    48  port.o(.text)
    pvPortMalloc                             0x08006383   Thumb Code   188  heap_4.o(.text)
    vPortFree                                0x0800643f   Thumb Code    64  heap_4.o(.text)
    xPortGetFreeHeapSize                     0x0800647f   Thumb Code     6  heap_4.o(.text)
    xPortGetMinimumEverFreeHeapSize          0x08006485   Thumb Code     6  heap_4.o(.text)
    vPortInitialiseBlocks                    0x0800648b   Thumb Code     2  heap_4.o(.text)
    __use_no_semihosting                     0x080064a5   Thumb Code     2  use_no_semi_2.o(.text)
    __2printf                                0x080064a9   Thumb Code    20  noretval__2printf.o(.text)
    __2sprintf                               0x080064c1   Thumb Code    34  noretval__2sprintf.o(.text)
    _printf_str                              0x080064e9   Thumb Code    82  _printf_str.o(.text)
    _printf_int_dec                          0x0800653d   Thumb Code   104  _printf_dec.o(.text)
    __printf                                 0x080065b5   Thumb Code   308  __printf_flags_wp.o(.text)
    strcpy                                   0x080066ed   Thumb Code    72  strcpy.o(.text)
    strlen                                   0x08006735   Thumb Code    62  strlen.o(.text)
    __aeabi_memcpy                           0x08006773   Thumb Code     0  rt_memcpy_v6.o(.text)
    __rt_memcpy                              0x08006773   Thumb Code   138  rt_memcpy_v6.o(.text)
    _memcpy_lastbytes                        0x080067d9   Thumb Code     0  rt_memcpy_v6.o(.text)
    __aeabi_memcpy4                          0x080067fd   Thumb Code     0  rt_memcpy_w.o(.text)
    __aeabi_memcpy8                          0x080067fd   Thumb Code     0  rt_memcpy_w.o(.text)
    __rt_memcpy_w                            0x080067fd   Thumb Code   100  rt_memcpy_w.o(.text)
    _memcpy_lastbytes_aligned                0x08006845   Thumb Code     0  rt_memcpy_w.o(.text)
    __aeabi_memset                           0x08006861   Thumb Code    16  aeabi_memset.o(.text)
    __use_two_region_memory                  0x08006871   Thumb Code     2  heapauxi.o(.text)
    __rt_heap_escrow$2region                 0x08006873   Thumb Code     2  heapauxi.o(.text)
    __rt_heap_expand$2region                 0x08006875   Thumb Code     2  heapauxi.o(.text)
    __I$use$semihosting                      0x08006877   Thumb Code     0  use_no_semi.o(.text)
    __use_no_semihosting_swi                 0x08006877   Thumb Code     2  use_no_semi.o(.text)
    _printf_int_common                       0x08006879   Thumb Code   178  _printf_intcommon.o(.text)
    _printf_char_common                      0x08006937   Thumb Code    32  _printf_char_common.o(.text)
    _sputc                                   0x0800695d   Thumb Code    10  _sputc.o(.text)
    _printf_cs_common                        0x08006967   Thumb Code    20  _printf_char.o(.text)
    _printf_char                             0x0800697b   Thumb Code    16  _printf_char.o(.text)
    _printf_string                           0x0800698b   Thumb Code     8  _printf_char.o(.text)
    _printf_char_file                        0x08006995   Thumb Code    32  _printf_char_file.o(.text)
    __aeabi_memclr                           0x080069b9   Thumb Code     0  rt_memclr.o(.text)
    __rt_memclr                              0x080069b9   Thumb Code    68  rt_memclr.o(.text)
    _memset                                  0x080069bd   Thumb Code     0  rt_memclr.o(.text)
    ferror                                   0x080069fd   Thumb Code     8  ferror.o(.text)
    __aeabi_memclr4                          0x08006a05   Thumb Code     0  rt_memclr_w.o(.text)
    __aeabi_memclr8                          0x08006a05   Thumb Code     0  rt_memclr_w.o(.text)
    __rt_memclr_w                            0x08006a05   Thumb Code    78  rt_memclr_w.o(.text)
    _memset_w                                0x08006a09   Thumb Code     0  rt_memclr_w.o(.text)
    __user_libspace                          0x08006a55   Thumb Code     8  libspace.o(.text)
    __user_perproc_libspace                  0x08006a55   Thumb Code     0  libspace.o(.text)
    __user_perthread_libspace                0x08006a55   Thumb Code     0  libspace.o(.text)
    __user_setup_stackheap                   0x08006a5d   Thumb Code    74  sys_stackheap_outer.o(.text)
    exit                                     0x08006aa7   Thumb Code    12  exit.o(.text)
    _is_digit                                0x08006ab3   Thumb Code    14  __printf_wp.o(i._is_digit)
    __aeabi_d2f                              0x08006ac1   Thumb Code     0  d2f.o(x$fpl$d2f)
    _d2f                                     0x08006ac1   Thumb Code    98  d2f.o(x$fpl$d2f)
    __aeabi_ddiv                             0x08006b25   Thumb Code     0  ddiv.o(x$fpl$ddiv)
    _ddiv                                    0x08006b25   Thumb Code   552  ddiv.o(x$fpl$ddiv)
    __aeabi_dmul                             0x08006dd5   Thumb Code     0  dmul.o(x$fpl$dmul)
    _dmul                                    0x08006dd5   Thumb Code   332  dmul.o(x$fpl$dmul)
    __fpl_dnaninf                            0x08006f29   Thumb Code   156  dnaninf.o(x$fpl$dnaninf)
    __fpl_dretinf                            0x08006fc5   Thumb Code    12  dretinf.o(x$fpl$dretinf)
    __aeabi_f2d                              0x08006fd1   Thumb Code     0  f2d.o(x$fpl$f2d)
    _f2d                                     0x08006fd1   Thumb Code    86  f2d.o(x$fpl$f2d)
    __fpl_fnaninf                            0x08007027   Thumb Code   140  fnaninf.o(x$fpl$fnaninf)
    _fp_init                                 0x080070b3   Thumb Code    10  fpinit.o(x$fpl$fpinit)
    __fplib_config_fpu_vfp                   0x080070bb   Thumb Code     0  fpinit.o(x$fpl$fpinit)
    __fplib_config_pureend_doubles           0x080070bb   Thumb Code     0  fpinit.o(x$fpl$fpinit)
    __fpl_fretinf                            0x080070bd   Thumb Code    10  fretinf.o(x$fpl$fretinf)
    __I$use$fp                               0x080070c6   Number         0  usenofp.o(x$fpl$usenofp)
    Region$$Table$$Base                      0x080070d8   Number         0  anon$$obj.o(Region$$Table)
    Region$$Table$$Limit                     0x080070f8   Number         0  anon$$obj.o(Region$$Table)
    StartTask_Handler                        0x20000000   Data           4  main.o(.data)
    test1_Handler                            0x20000004   Data           4  main.o(.data)
    test2_Handler                            0x20000008   Data           4  main.o(.data)
    test3_Handler                            0x2000000c   Data           4  main.o(.data)
    test4_Handler                            0x20000010   Data           4  main.o(.data)
    SystemCoreClock                          0x20000014   Data           4  system_stm32f4xx.o(.data)
    AHBPrescTable                            0x20000018   Data          16  system_stm32f4xx.o(.data)
    __stdout                                 0x20000040   Data           4  usart.o(.data)
    Tx1Counter                               0x20000044   Data           1  usart.o(.data)
    count1                                   0x20000045   Data           1  usart.o(.data)
    Tx2Counter                               0x20000046   Data           1  usart.o(.data)
    count2                                   0x20000047   Data           1  usart.o(.data)
    Tx3Counter                               0x20000048   Data           1  usart.o(.data)
    count3                                   0x20000049   Data           1  usart.o(.data)
    Tx4Counter                               0x2000004a   Data           1  usart.o(.data)
    count4                                   0x2000004b   Data           1  usart.o(.data)
    Tx5Counter                               0x2000004c   Data           1  usart.o(.data)
    count5                                   0x2000004d   Data           1  usart.o(.data)
    pxCurrentTCB                             0x20000050   Data           4  tasks.o(.data)
    BUFF                                     0x200000bc   Data          50  ano7.o(.bss)
    pid                                      0x200000f0   Data          32  pid.o(.bss)
    Tx1Buffer                                0x20000110   Data         256  usart.o(.bss)
    Tx2Buffer                                0x20000210   Data         256  usart.o(.bss)
    Tx3Buffer                                0x20000310   Data         256  usart.o(.bss)
    Tx4Buffer                                0x20000410   Data         256  usart.o(.bss)
    Tx5Buffer                                0x20000510   Data         256  usart.o(.bss)
    xQueueRegistry                           0x20000610   Data          64  queue.o(.bss)
    __libspace_start                         0x2000595c   Data          96  libspace.o(.bss)
    __temporary_stack_top$libspace           0x200059bc   Data           0  libspace.o(.bss)



==============================================================================

Memory Map of the image

  Image Entry point : 0x08000189

  Load Region LR_IROM1 (Base: 0x08000000, Size: 0x000071b4, Max: 0x00100000, ABSOLUTE)

    Execution Region ER_IROM1 (Base: 0x08000000, Size: 0x000070f8, Max: 0x00100000, ABSOLUTE)

    Base Addr    Size         Type   Attr      Idx    E Section Name        Object

    0x08000000   0x00000188   Data   RO          692    RESET               startup_stm32f40_41xxx.o
    0x08000188   0x00000008   Code   RO         1276  * !!!main             c_w.l(__main.o)
    0x08000190   0x00000034   Code   RO         1586    !!!scatter          c_w.l(__scatter.o)
    0x080001c4   0x0000001a   Code   RO         1588    !!handler_copy      c_w.l(__scatter_copy.o)
    0x080001de   0x00000002   PAD
    0x080001e0   0x0000001c   Code   RO         1590    !!handler_zi        c_w.l(__scatter_zi.o)
    0x080001fc   0x00000000   Code   RO         1261    .ARM.Collect$$_printf_percent$$00000000  c_w.l(_printf_percent.o)
    0x080001fc   0x00000006   Code   RO         1260    .ARM.Collect$$_printf_percent$$0000000A  c_w.l(_printf_u.o)
    0x08000202   0x00000006   Code   RO         1257    .ARM.Collect$$_printf_percent$$00000013  c_w.l(_printf_c.o)
    0x08000208   0x00000004   Code   RO         1343    .ARM.Collect$$_printf_percent$$00000017  c_w.l(_printf_percent_end.o)
    0x0800020c   0x00000002   Code   RO         1458    .ARM.Collect$$libinit$$00000000  c_w.l(libinit.o)
    0x0800020e   0x00000004   Code   RO         1467    .ARM.Collect$$libinit$$00000001  c_w.l(libinit2.o)
    0x08000212   0x00000000   Code   RO         1470    .ARM.Collect$$libinit$$00000004  c_w.l(libinit2.o)
    0x08000212   0x00000000   Code   RO         1473    .ARM.Collect$$libinit$$0000000A  c_w.l(libinit2.o)
    0x08000212   0x00000000   Code   RO         1475    .ARM.Collect$$libinit$$0000000C  c_w.l(libinit2.o)
    0x08000212   0x00000000   Code   RO         1477    .ARM.Collect$$libinit$$0000000E  c_w.l(libinit2.o)
    0x08000212   0x00000000   Code   RO         1480    .ARM.Collect$$libinit$$00000011  c_w.l(libinit2.o)
    0x08000212   0x00000000   Code   RO         1482    .ARM.Collect$$libinit$$00000013  c_w.l(libinit2.o)
    0x08000212   0x00000000   Code   RO         1484    .ARM.Collect$$libinit$$00000015  c_w.l(libinit2.o)
    0x08000212   0x00000000   Code   RO         1486    .ARM.Collect$$libinit$$00000017  c_w.l(libinit2.o)
    0x08000212   0x00000000   Code   RO         1488    .ARM.Collect$$libinit$$00000019  c_w.l(libinit2.o)
    0x08000212   0x00000000   Code   RO         1490    .ARM.Collect$$libinit$$0000001B  c_w.l(libinit2.o)
    0x08000212   0x00000000   Code   RO         1492    .ARM.Collect$$libinit$$0000001D  c_w.l(libinit2.o)
    0x08000212   0x00000000   Code   RO         1494    .ARM.Collect$$libinit$$0000001F  c_w.l(libinit2.o)
    0x08000212   0x00000000   Code   RO         1496    .ARM.Collect$$libinit$$00000021  c_w.l(libinit2.o)
    0x08000212   0x00000000   Code   RO         1498    .ARM.Collect$$libinit$$00000023  c_w.l(libinit2.o)
    0x08000212   0x00000000   Code   RO         1500    .ARM.Collect$$libinit$$00000025  c_w.l(libinit2.o)
    0x08000212   0x00000000   Code   RO         1504    .ARM.Collect$$libinit$$0000002C  c_w.l(libinit2.o)
    0x08000212   0x00000000   Code   RO         1506    .ARM.Collect$$libinit$$0000002E  c_w.l(libinit2.o)
    0x08000212   0x00000000   Code   RO         1508    .ARM.Collect$$libinit$$00000030  c_w.l(libinit2.o)
    0x08000212   0x00000000   Code   RO         1510    .ARM.Collect$$libinit$$00000032  c_w.l(libinit2.o)
    0x08000212   0x00000002   Code   RO         1511    .ARM.Collect$$libinit$$00000033  c_w.l(libinit2.o)
    0x08000214   0x00000002   Code   RO         1539    .ARM.Collect$$libshutdown$$00000000  c_w.l(libshutdown.o)
    0x08000216   0x00000000   Code   RO         1554    .ARM.Collect$$libshutdown$$00000003  c_w.l(libshutdown2.o)
    0x08000216   0x00000000   Code   RO         1557    .ARM.Collect$$libshutdown$$00000006  c_w.l(libshutdown2.o)
    0x08000216   0x00000000   Code   RO         1560    .ARM.Collect$$libshutdown$$00000009  c_w.l(libshutdown2.o)
    0x08000216   0x00000000   Code   RO         1562    .ARM.Collect$$libshutdown$$0000000B  c_w.l(libshutdown2.o)
    0x08000216   0x00000000   Code   RO         1565    .ARM.Collect$$libshutdown$$0000000E  c_w.l(libshutdown2.o)
    0x08000216   0x00000002   Code   RO         1566    .ARM.Collect$$libshutdown$$0000000F  c_w.l(libshutdown2.o)
    0x08000218   0x00000000   Code   RO         1328    .ARM.Collect$$rtentry$$00000000  c_w.l(__rtentry.o)
    0x08000218   0x00000000   Code   RO         1409    .ARM.Collect$$rtentry$$00000002  c_w.l(__rtentry2.o)
    0x08000218   0x00000006   Code   RO         1421    .ARM.Collect$$rtentry$$00000004  c_w.l(__rtentry4.o)
    0x0800021e   0x00000000   Code   RO         1411    .ARM.Collect$$rtentry$$00000009  c_w.l(__rtentry2.o)
    0x0800021e   0x00000004   Code   RO         1412    .ARM.Collect$$rtentry$$0000000A  c_w.l(__rtentry2.o)
    0x08000222   0x00000000   Code   RO         1414    .ARM.Collect$$rtentry$$0000000C  c_w.l(__rtentry2.o)
    0x08000222   0x00000008   Code   RO         1415    .ARM.Collect$$rtentry$$0000000D  c_w.l(__rtentry2.o)
    0x0800022a   0x00000002   Code   RO         1461    .ARM.Collect$$rtexit$$00000000  c_w.l(rtexit.o)
    0x0800022c   0x00000000   Code   RO         1513    .ARM.Collect$$rtexit$$00000002  c_w.l(rtexit2.o)
    0x0800022c   0x00000004   Code   RO         1514    .ARM.Collect$$rtexit$$00000003  c_w.l(rtexit2.o)
    0x08000230   0x00000006   Code   RO         1515    .ARM.Collect$$rtexit$$00000004  c_w.l(rtexit2.o)
    0x08000236   0x00000002   PAD
    0x08000238   0x000000b6   Code   RO         1149    .emb_text           port.o
    0x080002ee   0x00000002   PAD
    0x080002f0   0x000000dc   Code   RO            3    .text               main.o
    0x080003cc   0x00000058   Code   RO          257    .text               stm32f4xx_it.o
    0x08000424   0x00000210   Code   RO          277    .text               system_stm32f4xx.o
    0x08000634   0x000000f8   Code   RO          325    .text               include.o
    0x0800072c   0x000000f0   Code   RO          345    .text               ano7.o
    0x0800081c   0x00000268   Code   RO          377    .text               encoder.o
    0x08000a84   0x000000f8   Code   RO          397    .text               pid.o
    0x08000b7c   0x00000190   Code   RO          463    .text               adc.o
    0x08000d0c   0x00000108   Code   RO          483    .text               ioport.o
    0x08000e14   0x000004b4   Code   RO          573    .text               pwm.o
    0x080012c8   0x00000254   Code   RO          593    .text               timer.o
    0x0800151c   0x00000040   Code   RO          693    .text               startup_stm32f40_41xxx.o
    0x0800155c   0x000000e0   Code   RO          699    .text               misc.o
    0x0800163c   0x00000464   Code   RO          719    .text               stm32f4xx_adc.o
    0x08001aa0   0x00000294   Code   RO          799    .text               stm32f4xx_gpio.o
    0x08001d34   0x0000065c   Code   RO          819    .text               stm32f4xx_rcc.o
    0x08002390   0x00000ca2   Code   RO          861    .text               stm32f4xx_tim.o
    0x08003032   0x00000002   PAD
    0x08003034   0x00000454   Code   RO          881    .text               stm32f4xx_usart.o
    0x08003488   0x00000128   Code   RO          979    .text               delay.o
    0x080035b0   0x00000854   Code   RO         1001    .text               usart.o
    0x08003e04   0x00000094   Code   RO         1076    .text               list.o
    0x08003e98   0x000009c8   Code   RO         1088    .text               queue.o
    0x08004860   0x00001470   Code   RO         1103    .text               tasks.o
    0x08005cd0   0x000004e0   Code   RO         1134    .text               timers.o
    0x080061b0   0x00000110   Code   RO         1150    .text               port.o
    0x080062c0   0x000001e4   Code   RO         1179    .text               heap_4.o
    0x080064a4   0x00000002   Code   RO         1196    .text               c_w.l(use_no_semi_2.o)
    0x080064a6   0x00000002   PAD
    0x080064a8   0x00000018   Code   RO         1204    .text               c_w.l(noretval__2printf.o)
    0x080064c0   0x00000028   Code   RO         1206    .text               c_w.l(noretval__2sprintf.o)
    0x080064e8   0x00000052   Code   RO         1212    .text               c_w.l(_printf_str.o)
    0x0800653a   0x00000002   PAD
    0x0800653c   0x00000078   Code   RO         1214    .text               c_w.l(_printf_dec.o)
    0x080065b4   0x00000138   Code   RO         1249    .text               c_w.l(__printf_flags_wp.o)
    0x080066ec   0x00000048   Code   RO         1264    .text               c_w.l(strcpy.o)
    0x08006734   0x0000003e   Code   RO         1266    .text               c_w.l(strlen.o)
    0x08006772   0x0000008a   Code   RO         1268    .text               c_w.l(rt_memcpy_v6.o)
    0x080067fc   0x00000064   Code   RO         1270    .text               c_w.l(rt_memcpy_w.o)
    0x08006860   0x00000010   Code   RO         1272    .text               c_w.l(aeabi_memset.o)
    0x08006870   0x00000006   Code   RO         1274    .text               c_w.l(heapauxi.o)
    0x08006876   0x00000002   Code   RO         1326    .text               c_w.l(use_no_semi.o)
    0x08006878   0x000000b2   Code   RO         1333    .text               c_w.l(_printf_intcommon.o)
    0x0800692a   0x00000002   PAD
    0x0800692c   0x00000030   Code   RO         1335    .text               c_w.l(_printf_char_common.o)
    0x0800695c   0x0000000a   Code   RO         1337    .text               c_w.l(_sputc.o)
    0x08006966   0x0000002c   Code   RO         1339    .text               c_w.l(_printf_char.o)
    0x08006992   0x00000002   PAD
    0x08006994   0x00000024   Code   RO         1341    .text               c_w.l(_printf_char_file.o)
    0x080069b8   0x00000044   Code   RO         1344    .text               c_w.l(rt_memclr.o)
    0x080069fc   0x00000008   Code   RO         1434    .text               c_w.l(ferror.o)
    0x08006a04   0x0000004e   Code   RO         1438    .text               c_w.l(rt_memclr_w.o)
    0x08006a52   0x00000002   PAD
    0x08006a54   0x00000008   Code   RO         1444    .text               c_w.l(libspace.o)
    0x08006a5c   0x0000004a   Code   RO         1447    .text               c_w.l(sys_stackheap_outer.o)
    0x08006aa6   0x0000000c   Code   RO         1451    .text               c_w.l(exit.o)
    0x08006ab2   0x0000000e   Code   RO         1247    i._is_digit         c_w.l(__printf_wp.o)
    0x08006ac0   0x00000062   Code   RO         1278    x$fpl$d2f           fz_wm.l(d2f.o)
    0x08006b22   0x00000002   PAD
    0x08006b24   0x000002b0   Code   RO         1287    x$fpl$ddiv          fz_wm.l(ddiv.o)
    0x08006dd4   0x00000154   Code   RO         1296    x$fpl$dmul          fz_wm.l(dmul.o)
    0x08006f28   0x0000009c   Code   RO         1348    x$fpl$dnaninf       fz_wm.l(dnaninf.o)
    0x08006fc4   0x0000000c   Code   RO         1350    x$fpl$dretinf       fz_wm.l(dretinf.o)
    0x08006fd0   0x00000056   Code   RO         1298    x$fpl$f2d           fz_wm.l(f2d.o)
    0x08007026   0x0000008c   Code   RO         1352    x$fpl$fnaninf       fz_wm.l(fnaninf.o)
    0x080070b2   0x0000000a   Code   RO         1527    x$fpl$fpinit        fz_wm.l(fpinit.o)
    0x080070bc   0x0000000a   Code   RO         1354    x$fpl$fretinf       fz_wm.l(fretinf.o)
    0x080070c6   0x00000000   Code   RO         1356    x$fpl$usenofp       fz_wm.l(usenofp.o)
    0x080070c6   0x00000011   Data   RO         1250    .constdata          c_w.l(__printf_flags_wp.o)
    0x080070d7   0x00000001   PAD
    0x080070d8   0x00000020   Data   RO         1584    Region$$Table       anon$$obj.o


    Execution Region RW_IRAM1 (Base: 0x20000000, Size: 0x00005fc0, Max: 0x00020000, ABSOLUTE)

    Base Addr    Size         Type   Attr      Idx    E Section Name        Object

    0x20000000   0x00000014   Data   RW            4    .data               main.o
    0x20000014   0x00000014   Data   RW          278    .data               system_stm32f4xx.o
    0x20000028   0x00000010   Data   RW          820    .data               stm32f4xx_rcc.o
    0x20000038   0x00000008   Data   RW          980    .data               delay.o
    0x20000040   0x0000000e   Data   RW         1003    .data               usart.o
    0x2000004e   0x00000002   PAD
    0x20000050   0x0000003c   Data   RW         1105    .data               tasks.o
    0x2000008c   0x00000014   Data   RW         1136    .data               timers.o
    0x200000a0   0x00000004   Data   RW         1151    .data               port.o
    0x200000a4   0x00000018   Data   RW         1181    .data               heap_4.o
    0x200000bc   0x00000032   Zero   RW          346    .bss                ano7.o
    0x200000ee   0x00000002   PAD
    0x200000f0   0x00000020   Zero   RW          398    .bss                pid.o
    0x20000110   0x00000500   Zero   RW         1002    .bss                usart.o
    0x20000610   0x00000040   Zero   RW         1089    .bss                queue.o
    0x20000650   0x000002e4   Zero   RW         1104    .bss                tasks.o
    0x20000934   0x00000028   Zero   RW         1135    .bss                timers.o
    0x2000095c   0x00005000   Zero   RW         1180    .bss                heap_4.o
    0x2000595c   0x00000060   Zero   RW         1445    .bss                c_w.l(libspace.o)
    0x200059bc   0x00000004   PAD
    0x200059c0   0x00000200   Zero   RW          691    HEAP                startup_stm32f40_41xxx.o
    0x20005bc0   0x00000400   Zero   RW          690    STACK               startup_stm32f40_41xxx.o


==============================================================================

Image component sizes


      Code (inc. data)   RO Data    RW Data    ZI Data      Debug   Object Name

       400         30          0          0          0       1086   adc.o
       240         10          0          0         50       1471   ano7.o
       296         20          0          8          0       1823   delay.o
       616         40          0          0          0       1582   encoder.o
         0          0          0          0          0       7812   event_groups.o
       484         24          0         24      20480       3332   heap_4.o
       248         46          0          0          0       1038   include.o
       264         34          0          0          0       1152   ioport.o
         0          0          0          0          0       1468   lcd.o
       148          0          0          0          0       1942   list.o
       220         82          0         20          0     311270   main.o
       224         20          0          0          0       1833   misc.o
       248         16          0          0         32       1552   pid.o
       454         36          0          4          0       7588   port.o
      1204         36          0          0          0       3594   pwm.o
      2504         18          0          0         64      15630   queue.o
        64         26        392          0       1536        840   startup_stm32f40_41xxx.o
      1124         24          0          0          0      10506   stm32f4xx_adc.o
       660         44          0          0          0       4113   stm32f4xx_gpio.o
        88          0          0          0          0       2077   stm32f4xx_it.o
      1628         52          0         16          0      12904   stm32f4xx_rcc.o
      3234         60          0          0          0      22316   stm32f4xx_tim.o
      1108         34          0          0          0       7812   stm32f4xx_usart.o
       528         46          0         20          0       1803   system_stm32f4xx.o
      5232        328          0         60        740      31024   tasks.o
       596         16          0          0          0       2438   timer.o
      1248         70          0         20         40       8568   timers.o
      2132        108          0         14       1280       8379   usart.o

    ----------------------------------------------------------------------
     25196       1220        424        188      24224     476953   Object Totals
         0          0         32          0          0          0   (incl. Generated)
         4          0          0          2          2          0   (incl. Padding)

    ----------------------------------------------------------------------

      Code (inc. data)   RO Data    RW Data    ZI Data      Debug   Library Member Name

         8          0          0          0          0         68   __main.o
       312          4         17          0          0         92   __printf_flags_wp.o
        14          0          0          0          0         68   __printf_wp.o
         0          0          0          0          0          0   __rtentry.o
        12          0          0          0          0          0   __rtentry2.o
         6          0          0          0          0          0   __rtentry4.o
        52          8          0          0          0          0   __scatter.o
        26          0          0          0          0          0   __scatter_copy.o
        28          0          0          0          0          0   __scatter_zi.o
         6          0          0          0          0          0   _printf_c.o
        44          0          0          0          0        108   _printf_char.o
        48          6          0          0          0         96   _printf_char_common.o
        36          4          0          0          0         80   _printf_char_file.o
       120         16          0          0          0         92   _printf_dec.o
       178          0          0          0          0         88   _printf_intcommon.o
         0          0          0          0          0          0   _printf_percent.o
         4          0          0          0          0          0   _printf_percent_end.o
        82          0          0          0          0         80   _printf_str.o
         6          0          0          0          0          0   _printf_u.o
        10          0          0          0          0         68   _sputc.o
        16          0          0          0          0         68   aeabi_memset.o
        12          0          0          0          0         72   exit.o
         8          0          0          0          0         68   ferror.o
         6          0          0          0          0        152   heapauxi.o
         2          0          0          0          0          0   libinit.o
         6          0          0          0          0          0   libinit2.o
         2          0          0          0          0          0   libshutdown.o
         2          0          0          0          0          0   libshutdown2.o
         8          4          0          0         96         68   libspace.o
        24          4          0          0          0         84   noretval__2printf.o
        40          6          0          0          0         84   noretval__2sprintf.o
        68          0          0          0          0         68   rt_memclr.o
        78          0          0          0          0         80   rt_memclr_w.o
       138          0          0          0          0         68   rt_memcpy_v6.o
       100          0          0          0          0         80   rt_memcpy_w.o
         2          0          0          0          0          0   rtexit.o
        10          0          0          0          0          0   rtexit2.o
        72          0          0          0          0         80   strcpy.o
        62          0          0          0          0         76   strlen.o
        74          0          0          0          0         80   sys_stackheap_outer.o
         2          0          0          0          0         68   use_no_semi.o
         2          0          0          0          0         68   use_no_semi_2.o
        98          4          0          0          0        140   d2f.o
       688        140          0          0          0        256   ddiv.o
       340         12          0          0          0        152   dmul.o
       156          4          0          0          0        140   dnaninf.o
        12          0          0          0          0        116   dretinf.o
        86          4          0          0          0        132   f2d.o
       140          4          0          0          0        132   fnaninf.o
        10          0          0          0          0        116   fpinit.o
        10          0          0          0          0        116   fretinf.o
         0          0          0          0          0          0   usenofp.o

    ----------------------------------------------------------------------
      3282        220         18          0        100       3404   Library Totals
        16          0          1          0          4          0   (incl. Padding)

    ----------------------------------------------------------------------

      Code (inc. data)   RO Data    RW Data    ZI Data      Debug   Library Name

      1726         52         17          0         96       2104   c_w.l
      1540        168          0          0          0       1300   fz_wm.l

    ----------------------------------------------------------------------
      3282        220         18          0        100       3404   Library Totals

    ----------------------------------------------------------------------

==============================================================================


      Code (inc. data)   RO Data    RW Data    ZI Data      Debug   

     28478       1440        442        188      24324     472413   Grand Totals
     28478       1440        442        188      24324     472413   ELF Image Totals
     28478       1440        442        188          0          0   ROM Totals

==============================================================================

    Total RO  Size (Code + RO Data)                28920 (  28.24kB)
    Total RW  Size (RW Data + ZI Data)             24512 (  23.94kB)
    Total ROM Size (Code + RO Data + RW Data)      29108 (  28.43kB)

==============================================================================

