<html>
<body>
<pre>
<h1>礦ision Build Log</h1>
<h2>Tool Versions:</h2>
IDE-Version: μVision V5.14.0.0
Copyright (C) 2015 ARM Ltd and ARM Germany GmbH. All rights reserved.
License Information: 1 1916386, HP Inc., LIC=QF8NN-YYEB1-T3RMI-T0VRX-MC3LK-U0JB4
 
Tool Versions:
Toolchain:       MDK-ARM Standard  Version: 5.14.0.0
Toolchain Path:  D:\keil 5\ARM\ARMCC\Bin
C Compiler:      Armcc.exe V5.05 update 1 (build 106)
Assembler:       Armasm.exe V5.05 update 1 (build 106)
Linker/Locator:  ArmLink.exe V5.05 update 1 (build 106)
Library Manager: ArmAr.exe V5.05 update 1 (build 106)
Hex Converter:   FromElf.exe V5.05 update 1 (build 106)
CPU DLL:         SARMCM3.DLL V5.14.0.0
Dialog DLL:      DCM.DLL V1.13.1.0
Target DLL:      Segger\JL2CM3.dll V2.99.13.0
Dialog DLL:      TCM.DLL V1.14.4.0
 
<h2>Project:</h2>
C:\Users\19163\Desktop\32历程\STM32工程模板\USER\NewProject.uvprojx
Project File Date:  11/25/2021

<h2>Output:</h2>
Rebuild target 'Template'
compiling main.c...
compiling stm32f4xx_it.c...
compiling system_stm32f4xx.c...
compiling include.c...
compiling ano7.c...
compiling encoder.c...
..\Peripheral\encoder.c(60): warning:  #1035-D: single-precision operand implicitly converted to double-precision
        speed = ((float)encoder_num)/0.050/780*360; //0.05(时间)/780(一圈的脉冲数)*360(角度)
..\Peripheral\encoder.c(117): warning:  #1035-D: single-precision operand implicitly converted to double-precision
        speed = ((float)encoder_num)/0.050/780*360; //0.05(时间)/780(一圈的脉冲数)*360(角度)
..\Peripheral\encoder.c: 2 warnings, 0 errors
compiling pid.c...
compiling ultr.c...
compiling i2c.c...
compiling adc.c...
compiling ioport.c...
compiling key.c...
compiling lcd.c...
compiling pwm.c...
compiling timer.c...
compiling inv_mpu.c...
compiling inv_mpu_dmp_motion_driver.c...
compiling mpu6050.c...
assembling startup_stm32f40_41xxx.s...
compiling misc.c...
compiling stm32f4xx_adc.c...
compiling stm32f4xx_dac.c...
compiling stm32f4xx_exti.c...
compiling stm32f4xx_flash.c...
compiling stm32f4xx_gpio.c...
compiling stm32f4xx_rcc.c...
compiling stm32f4xx_syscfg.c...
compiling stm32f4xx_tim.c...
compiling stm32f4xx_usart.c...
compiling stm32f4xx_spi.c...
compiling stm32f4xx_iwdg.c...
compiling stm32f4xx_wwdg.c...
compiling sys.c...
compiling delay.c...
compiling usart.c...
..\SYSTEM\usart\usart.c(91): warning:  #550-D: variable "data" was set but never used
        u8 data;
..\SYSTEM\usart\usart.c(229): warning:  #550-D: variable "com_data" was set but never used
        u8 com_data;
..\SYSTEM\usart\usart.c(364): warning:  #550-D: variable "com_data" was set but never used
        u8 com_data;
..\SYSTEM\usart\usart.c(495): warning:  #550-D: variable "com_data" was set but never used
        u8 com_data;
..\SYSTEM\usart\usart.c(627): warning:  #550-D: variable "com_data" was set but never used
        u8 com_data;
..\SYSTEM\usart\usart.c: 5 warnings, 0 errors
compiling croutine.c...
compiling event_groups.c...
compiling list.c...
compiling queue.c...
compiling tasks.c...
compiling timers.c...
compiling port.c...
compiling heap_4.c...
linking...
Program Size: Code=28478 RO-data=442 RW-data=188 ZI-data=24324  
FromELF: creating hex file...
"..\OBJ\Template.axf" - 0 Error(s), 7 Warning(s).

<h2>Collection of Component include folders:</h2>
  C:\Users\19163\Desktop\32历程\STM32工程模板\USER\RTE
  D:\keil 5\ARM\PACK\Keil\STM32F4xx_DFP\1.0.8\Device\Include

<h2>Collection of Component Files used:</h2>
</pre>
</body>
</html>
